Archive member included to satisfy reference by file (symbol)

C:/Users/Ikaro/.pico-sdk/toolchain/13_3_Rel1/bin/../lib/gcc/arm-none-eabi/13.3.1/thumb/v6-m/nofp\libgcc.a(_dvmd_tls.o)
                              CMakeFiles/teclado.dir/C_/Users/Ikaro/.pico-sdk/sdk/2.1.0/src/rp2_common/pico_divider/divider_hardware.S.obj (__aeabi_idiv0)
C:/Users/Ikaro/.pico-sdk/toolchain/13_3_Rel1/bin/../lib/gcc/arm-none-eabi/13.3.1/thumb/v6-m/nofp\libg.a(libc_a-calloc.o)
                              CMakeFiles/teclado.dir/C_/Users/Ikaro/.pico-sdk/sdk/2.1.0/src/rp2_common/pico_malloc/malloc.c.obj (calloc)
C:/Users/Ikaro/.pico-sdk/toolchain/13_3_Rel1/bin/../lib/gcc/arm-none-eabi/13.3.1/thumb/v6-m/nofp\libg.a(libc_a-callocr.o)
                              C:/Users/Ikaro/.pico-sdk/toolchain/13_3_Rel1/bin/../lib/gcc/arm-none-eabi/13.3.1/thumb/v6-m/nofp\libg.a(libc_a-calloc.o) (_calloc_r)
C:/Users/Ikaro/.pico-sdk/toolchain/13_3_Rel1/bin/../lib/gcc/arm-none-eabi/13.3.1/thumb/v6-m/nofp\libg.a(libc_a-malloc.o)
                              CMakeFiles/teclado.dir/C_/Users/Ikaro/.pico-sdk/sdk/2.1.0/src/rp2_common/pico_malloc/malloc.c.obj (malloc)
C:/Users/Ikaro/.pico-sdk/toolchain/13_3_Rel1/bin/../lib/gcc/arm-none-eabi/13.3.1/thumb/v6-m/nofp\libg.a(libc_a-mallocr.o)
                              C:/Users/Ikaro/.pico-sdk/toolchain/13_3_Rel1/bin/../lib/gcc/arm-none-eabi/13.3.1/thumb/v6-m/nofp\libg.a(libc_a-callocr.o) (_malloc_r)
C:/Users/Ikaro/.pico-sdk/toolchain/13_3_Rel1/bin/../lib/gcc/arm-none-eabi/13.3.1/thumb/v6-m/nofp\libg.a(libc_a-mlock.o)
                              C:/Users/Ikaro/.pico-sdk/toolchain/13_3_Rel1/bin/../lib/gcc/arm-none-eabi/13.3.1/thumb/v6-m/nofp\libg.a(libc_a-mallocr.o) (__malloc_lock)
C:/Users/Ikaro/.pico-sdk/toolchain/13_3_Rel1/bin/../lib/gcc/arm-none-eabi/13.3.1/thumb/v6-m/nofp\libg.a(libc_a-realloc.o)
                              CMakeFiles/teclado.dir/C_/Users/Ikaro/.pico-sdk/sdk/2.1.0/src/rp2_common/pico_malloc/malloc.c.obj (realloc)
C:/Users/Ikaro/.pico-sdk/toolchain/13_3_Rel1/bin/../lib/gcc/arm-none-eabi/13.3.1/thumb/v6-m/nofp\libg.a(libc_a-reallocr.o)
                              C:/Users/Ikaro/.pico-sdk/toolchain/13_3_Rel1/bin/../lib/gcc/arm-none-eabi/13.3.1/thumb/v6-m/nofp\libg.a(libc_a-realloc.o) (_realloc_r)
C:/Users/Ikaro/.pico-sdk/toolchain/13_3_Rel1/bin/../lib/gcc/arm-none-eabi/13.3.1/thumb/v6-m/nofp\libg.a(libc_a-ctype_.o)
                              CMakeFiles/teclado.dir/C_/Users/Ikaro/.pico-sdk/sdk/2.1.0/lib/tinyusb/src/tusb.c.obj (_ctype_)
C:/Users/Ikaro/.pico-sdk/toolchain/13_3_Rel1/bin/../lib/gcc/arm-none-eabi/13.3.1/thumb/v6-m/nofp\libg.a(libc_a-memcmp.o)
                              CMakeFiles/teclado.dir/C_/Users/Ikaro/.pico-sdk/sdk/2.1.0/src/rp2_common/pico_atomic/atomic.c.obj (memcmp)
C:/Users/Ikaro/.pico-sdk/toolchain/13_3_Rel1/bin/../lib/gcc/arm-none-eabi/13.3.1/thumb/v6-m/nofp\libg.a(libc_a-memmove.o)
                              C:/Users/Ikaro/.pico-sdk/toolchain/13_3_Rel1/bin/../lib/gcc/arm-none-eabi/13.3.1/thumb/v6-m/nofp\libg.a(libc_a-reallocr.o) (memmove)
C:/Users/Ikaro/.pico-sdk/toolchain/13_3_Rel1/bin/../lib/gcc/arm-none-eabi/13.3.1/thumb/v6-m/nofp\libg.a(libc_a-lcltime_r.o)
                              CMakeFiles/teclado.dir/C_/Users/Ikaro/.pico-sdk/sdk/2.1.0/src/common/pico_util/datetime.c.obj (localtime_r)
C:/Users/Ikaro/.pico-sdk/toolchain/13_3_Rel1/bin/../lib/gcc/arm-none-eabi/13.3.1/thumb/v6-m/nofp\libg.a(libc_a-mktime.o)
                              CMakeFiles/teclado.dir/C_/Users/Ikaro/.pico-sdk/sdk/2.1.0/src/common/pico_util/datetime.c.obj (mktime)
C:/Users/Ikaro/.pico-sdk/toolchain/13_3_Rel1/bin/../lib/gcc/arm-none-eabi/13.3.1/thumb/v6-m/nofp\libg.a(libc_a-month_lengths.o)
                              C:/Users/Ikaro/.pico-sdk/toolchain/13_3_Rel1/bin/../lib/gcc/arm-none-eabi/13.3.1/thumb/v6-m/nofp\libg.a(libc_a-lcltime_r.o) (__month_lengths)
C:/Users/Ikaro/.pico-sdk/toolchain/13_3_Rel1/bin/../lib/gcc/arm-none-eabi/13.3.1/thumb/v6-m/nofp\libg.a(libc_a-tzcalc_limits.o)
                              C:/Users/Ikaro/.pico-sdk/toolchain/13_3_Rel1/bin/../lib/gcc/arm-none-eabi/13.3.1/thumb/v6-m/nofp\libg.a(libc_a-lcltime_r.o) (__tzcalc_limits)
C:/Users/Ikaro/.pico-sdk/toolchain/13_3_Rel1/bin/../lib/gcc/arm-none-eabi/13.3.1/thumb/v6-m/nofp\libg.a(libc_a-tzlock.o)
                              C:/Users/Ikaro/.pico-sdk/toolchain/13_3_Rel1/bin/../lib/gcc/arm-none-eabi/13.3.1/thumb/v6-m/nofp\libg.a(libc_a-lcltime_r.o) (__tz_lock)
C:/Users/Ikaro/.pico-sdk/toolchain/13_3_Rel1/bin/../lib/gcc/arm-none-eabi/13.3.1/thumb/v6-m/nofp\libg.a(libc_a-tzset.o)
                              C:/Users/Ikaro/.pico-sdk/toolchain/13_3_Rel1/bin/../lib/gcc/arm-none-eabi/13.3.1/thumb/v6-m/nofp\libg.a(libc_a-lcltime_r.o) (_tzset_unlocked)
C:/Users/Ikaro/.pico-sdk/toolchain/13_3_Rel1/bin/../lib/gcc/arm-none-eabi/13.3.1/thumb/v6-m/nofp\libg.a(libc_a-tzset_r.o)
[...]
Memory Configuration

Name             Origin             Length             Attributes
FLASH            0x10000000         0x00200000         xr
RAM              0x20000000         0x00040000         xrw
SCRATCH_X        0x20040000         0x00001000         xrw
SCRATCH_Y        0x20041000         0x00001000         xrw
*default*        0x00000000         0xffffffff

Linker script and memory map

LOAD C:/Users/Ikaro/.pico-sdk/toolchain/13_3_Rel1/bin/../lib/gcc/arm-none-eabi/13.3.1/thumb/v6-m/nofp/crti.o
LOAD C:/Users/Ikaro/.pico-sdk/toolchain/13_3_Rel1/bin/../lib/gcc/arm-none-eabi/13.3.1/thumb/v6-m/nofp/crtbegin.o
LOAD C:/Users/Ikaro/.pico-sdk/toolchain/13_3_Rel1/bin/../lib/gcc/arm-none-eabi/13.3.1/thumb/v6-m/nofp/crt0.o

.flash_begin    0x10000000        0x0
                0x10000000                        __flash_binary_start = .

.boot2          0x10000000      0x100
                0x10000000                        __boot2_start__ = .
 *(.boot2)
 .boot2         0x10000000      0x100 pico-sdk/src/rp2040/boot_stage2/CMakeFiles/bs2_default_library.dir/./bs2_default_padded_checksummed.S.obj
                0x10000100                        __boot2_end__ = .
                0x00000001                        ASSERT (((__boot2_end__ - __boot2_start__) == 0x100), ERROR: Pico second stage bootloader must be 256 bytes in size)

.text           0x10000100     0x6484
                0x10000100                        __logical_binary_start = .
 *(.vectors)
 .vectors       0x10000100       0xd4 CMakeFiles/teclado.dir/C_/Users/Ikaro/.pico-sdk/sdk/2.1.0/src/rp2_common/pico_crt0/crt0.S.obj
                0x10000100                __VECTOR_TABLE
                0x10000100                __vectors
                0x100001c0                isr_invalid
                0x100001c0                __default_isrs_start
                0x100001c2                isr_nmi
                0x100001c4                isr_hardfault
                0x100001c6                isr_svcall
                0x100001c8                isr_pendsv
                0x100001ca                isr_systick
                0x100001cc                isr_irq23
                0x100001cc                isr_irq18
                0x100001cc                isr_irq11
                0x100001cc                isr_irq28
                0x100001cc                isr_irq19
                0x100001cc                isr_irq0
                0x100001cc                isr_irq6
                0x100001cc                isr_irq5
                0x100001cc                isr_irq12
                0x100001cc                isr_irq22
                0x100001cc                isr_irq31
                0x100001cc                isr_irq17
                0x100001cc                isr_irq27
                0x100001cc                isr_irq30
                0x100001cc                isr_irq2
                0x100001cc                isr_irq10
                0x100001cc                isr_irq8
                0x100001cc                isr_irq24
                0x100001cc                isr_irq1
                0x100001cc                isr_irq7
                0x100001cc                isr_irq21
                0x100001cc                isr_irq20
                0x100001cc                isr_irq15
                0x100001cc                isr_irq25
                0x100001cc                isr_irq13
                0x100001cc                __unhandled_user_irq
                0x100001cc                isr_irq4
                0x100001cc                isr_irq16
                0x100001cc                isr_irq29
                0x100001cc                isr_irq26
                0x100001cc                __default_isrs_end
                0x100001cc                isr_irq3
                0x100001cc                isr_irq14
                0x100001cc                isr_irq9
                0x100001d2                unhandled_user_irq_num_in_r0
 *(.binary_info_header)
 .binary_info_header
                0x100001d4       0x14 CMakeFiles/teclado.dir/C_/Users/Ikaro/.pico-sdk/sdk/2.1.0/src/rp2_common/pico_crt0/crt0.S.obj
                0x100001e8                        __binary_info_header_end = .
 *(.embedded_block)
                0x100001e8                        __embedded_block_end = .
 *(.reset)
 .reset         0x100001e8       0x9c CMakeFiles/teclado.dir/C_/Users/Ikaro/.pico-sdk/sdk/2.1.0/src/rp2_common/pico_crt0/crt0.S.obj
                0x100001e8                _entry_point
 *(.init)
 .init          0x10000284        0x4 C:/Users/Ikaro/.pico-sdk/toolchain/13_3_Rel1/bin/../lib/gcc/arm-none-eabi/13.3.1/thumb/v6-m/nofp/crti.o
                0x10000284                _init
 *(EXCLUDE_FILE(*libm.a: *libc.a:*lib_a-mem*.o *libgcc.a:) .text*)
 .text.register_tm_clones
                0x10000288       0x28 C:/Users/Ikaro/.pico-sdk/toolchain/13_3_Rel1/bin/../lib/gcc/arm-none-eabi/13.3.1/thumb/v6-m/nofp/crtbegin.o
 .text.frame_dummy
                0x100002b0       0x24 C:/Users/Ikaro/.pico-sdk/toolchain/13_3_Rel1/bin/../lib/gcc/arm-none-eabi/13.3.1/thumb/v6-m/nofp/crtbegin.o
 .text.init_pinos
                0x100002d4       0x94 CMakeFiles/teclado.dir/teclado.c.obj
                0x100002d4                init_pinos
 .text.escanear_teclado
                0x10000368       0x70 CMakeFiles/teclado.dir/teclado.c.obj
                0x10000368                escanear_teclado
 .text.tocar_buzzer
                0x100003d8       0x26 CMakeFiles/teclado.dir/teclado.c.obj
                0x100003d8                tocar_buzzer
 *fill*         0x100003fe        0x2 
 .text.executar_tecla
                0x10000400       0x88 CMakeFiles/teclado.dir/teclado.c.obj
                0x10000400                executar_tecla
 .text.main     0x10000488       0x20 CMakeFiles/teclado.dir/teclado.c.obj
                0x10000488                main
 .text.gpio_set_function
                0x100004a8       0x34 CMakeFiles/teclado.dir/C_/Users/Ikaro/.pico-sdk/sdk/2.1.0/src/rp2_common/hardware_gpio/gpio.c.obj
                0x100004a8                gpio_set_function
 .text.gpio_set_pulls
                0x100004dc       0x38 CMakeFiles/teclado.dir/C_/Users/Ikaro/.pico-sdk/sdk/2.1.0/src/rp2_common/hardware_gpio/gpio.c.obj
                0x100004dc                gpio_set_pulls
 .text.gpio_init
                0x10000514       0x16 CMakeFiles/teclado.dir/C_/Users/Ikaro/.pico-sdk/sdk/2.1.0/src/rp2_common/hardware_gpio/gpio.c.obj
                0x10000514                gpio_init
 *fill*         0x1000052a        0x2 
 .text.rp2040_chip_version
                0x1000052c       0x54 CMakeFiles/teclado.dir/C_/Users/Ikaro/.pico-sdk/sdk/2.1.0/src/rp2040/pico_platform/platform.c.obj
                0x1000052c                rp2040_chip_version
 .text.panic    0x10000580       0x30 CMakeFiles/teclado.dir/C_/Users/Ikaro/.pico-sdk/sdk/2.1.0/src/rp2_common/pico_platform_panic/panic.c.obj
                0x10000580                panic
 .text.hw_claim_lock
                0x100005b0       0x18 CMakeFiles/teclado.dir/C_/Users/Ikaro/.pico-sdk/sdk/2.1.0/src/common/hardware_claim/claim.c.obj
                0x100005b0                hw_claim_lock
 .text.hw_claim_unlock
                0x100005c8       0x14 CMakeFiles/teclado.dir/C_/Users/Ikaro/.pico-sdk/sdk/2.1.0/src/common/hardware_claim/claim.c.obj
                0x100005c8                hw_claim_unlock
 .text.hw_claim_or_assert
                0x100005dc       0x32 CMakeFiles/teclado.dir/C_/Users/Ikaro/.pico-sdk/sdk/2.1.0/src/common/hardware_claim/claim.c.obj
                0x100005dc                hw_claim_or_assert
 .text.hw_claim_unused_from_range
                0x1000060e       0x50 CMakeFiles/teclado.dir/C_/Users/Ikaro/.pico-sdk/sdk/2.1.0/src/common/hardware_claim/claim.c.obj
                0x1000060e                hw_claim_unused_from_range
 *fill*         0x1000065e        0x2 
 .text.next_striped_spin_lock_num
                0x10000660       0x1c CMakeFiles/teclado.dir/C_/Users/Ikaro/.pico-sdk/sdk/2.1.0/src/rp2_common/hardware_sync/sync.c.obj
                0x10000660                next_striped_spin_lock_num
 .text.spin_lock_claim_unused
                0x1000067c       0x24 CMakeFiles/teclado.dir/C_/Users/Ikaro/.pico-sdk/sdk/2.1.0/src/rp2_common/hardware_sync/sync.c.obj
                0x1000067c                spin_lock_claim_unused
 .text.spin_locks_reset
                0x100006a0       0x20 CMakeFiles/teclado.dir/C_/Users/Ikaro/.pico-sdk/sdk/2.1.0/src/rp2_common/hardware_sync_spin_lock/sync_spin_lock.c.obj
                0x100006a0                spin_locks_reset
 .text.set_raw_irq_handler_and_unlock
                0x100006c0       0x28 CMakeFiles/teclado.dir/C_/Users/Ikaro/.pico-sdk/sdk/2.1.0/src/rp2_common/hardware_irq/irq.c.obj
 .text.nvic_ipr0
                0x100006e8        0x8 CMakeFiles/teclado.dir/C_/Users/Ikaro/.pico-sdk/sdk/2.1.0/src/rp2_common/hardware_irq/irq.c.obj
 .text.runtime_init_per_core_irq_priorities
                0x100006f0       0x1c CMakeFiles/teclado.dir/C_/Users/Ikaro/.pico-sdk/sdk/2.1.0/src/rp2_common/hardware_irq/irq.c.obj
                0x100006f0                runtime_init_per_core_irq_priorities
 .text.resolve_j_16
                0x1000070c       0x30 CMakeFiles/teclado.dir/C_/Users/Ikaro/.pico-sdk/sdk/2.1.0/src/rp2_common/hardware_irq/irq.c.obj
 .text.make_j_16
                0x1000073c       0x48 CMakeFiles/teclado.dir/C_/Users/Ikaro/.pico-sdk/sdk/2.1.0/src/rp2_common/hardware_irq/irq.c.obj
 .text.irq_is_enabled
                0x10000784       0x18 CMakeFiles/teclado.dir/C_/Users/Ikaro/.pico-sdk/sdk/2.1.0/src/rp2_common/hardware_irq/irq.c.obj
                0x10000784                irq_is_enabled
 .text.irq_set_mask_n_enabled
                0x1000079c       0x1c CMakeFiles/teclado.dir/C_/Users/Ikaro/.pico-sdk/sdk/2.1.0/src/rp2_common/hardware_irq/irq.c.obj
                0x1000079c                irq_set_mask_n_enabled
 .text.irq_set_enabled
                0x100007b8       0x14 CMakeFiles/teclado.dir/C_/Users/Ikaro/.pico-sdk/sdk/2.1.0/src/rp2_common/hardware_irq/irq.c.obj
                0x100007b8                irq_set_enabled
 .text.irq_set_pending
                0x100007cc       0x10 CMakeFiles/teclado.dir/C_/Users/Ikaro/.pico-sdk/sdk/2.1.0/src/rp2_common/hardware_irq/irq.c.obj
                0x100007cc                irq_set_pending
 .text.irq_get_vtable_handler
                0x100007dc       0x10 CMakeFiles/teclado.dir/C_/Users/Ikaro/.pico-sdk/sdk/2.1.0/src/rp2_common/hardware_irq/irq.c.obj
                0x100007dc                irq_get_vtable_handler
 .text.irq_has_shared_handler
                0x100007ec       0x24 CMakeFiles/teclado.dir/C_/Users/Ikaro/.pico-sdk/sdk/2.1.0/src/rp2_common/hardware_irq/irq.c.obj
                0x100007ec                irq_has_shared_handler
 .text.irq_set_exclusive_handler
                0x10000810       0x54 CMakeFiles/teclado.dir/C_/Users/Ikaro/.pico-sdk/sdk/2.1.0/src/rp2_common/hardware_irq/irq.c.obj
                0x10000810                irq_set_exclusive_handler
 .text.irq_add_shared_handler
                0x10000864      0x218 CMakeFiles/teclado.dir/C_/Users/Ikaro/.pico-sdk/sdk/2.1.0/src/rp2_common/hardware_irq/irq.c.obj
                0x10000864                irq_add_shared_handler
 .text.irq_add_tail_to_free_list
                0x10000a7c       0xf4 CMakeFiles/teclado.dir/C_/Users/Ikaro/.pico-sdk/sdk/2.1.0/src/rp2_common/hardware_irq/irq.c.obj
                0x10000a7c                irq_add_tail_to_free_list
 .text.user_irq_claim_unused
                0x10000b70       0x2c CMakeFiles/teclado.dir/C_/Users/Ikaro/.pico-sdk/sdk/2.1.0/src/rp2_common/hardware_irq/irq.c.obj
                0x10000b70                user_irq_claim_unused
 .text.lock_init
                0x10000b9c       0x10 CMakeFiles/teclado.dir/C_/Users/Ikaro/.pico-sdk/sdk/2.1.0/src/common/pico_sync/lock_core.c.obj
                0x10000b9c                lock_init
 .text.mutex_init
                0x10000bac       0x1a CMakeFiles/teclado.dir/C_/Users/Ikaro/.pico-sdk/sdk/2.1.0/src/common/pico_sync/mutex.c.obj
                0x10000bac                mutex_init
 .text.recursive_mutex_init
                0x10000bc6       0x1e CMakeFiles/teclado.dir/C_/Users/Ikaro/.pico-sdk/sdk/2.1.0/src/common/pico_sync/mutex.c.obj
                0x10000bc6                recursive_mutex_init
 .text.runtime_init_mutex
                0x10000be4       0x4c CMakeFiles/teclado.dir/C_/Users/Ikaro/.pico-sdk/sdk/2.1.0/src/common/pico_sync/mutex.c.obj
                0x10000be4                runtime_init_mutex
 .text.critical_section_init_with_lock_num
                0x10000c30       0x14 CMakeFiles/teclado.dir/C_/Users/Ikaro/.pico-sdk/sdk/2.1.0/src/common/pico_sync/critical_section.c.obj
                0x10000c30                critical_section_init_with_lock_num
 .text.critical_section_init
                0x10000c44       0x14 CMakeFiles/teclado.dir/C_/Users/Ikaro/.pico-sdk/sdk/2.1.0/src/common/pico_sync/critical_section.c.obj
                0x10000c44                critical_section_init
 .text.make_alarm_id
                0x10000c58        0x6 CMakeFiles/teclado.dir/C_/Users/Ikaro/.pico-sdk/sdk/2.1.0/src/common/pico_time/time.c.obj
 *fill*         0x10000c5e        0x2 
 .text.sleep_until_callback
                0x10000c60       0x30 CMakeFiles/teclado.dir/C_/Users/Ikaro/.pico-sdk/sdk/2.1.0/src/common/pico_time/time.c.obj
 .text.alarm_pool_irq_handler
                0x10000c90      0x2f8 CMakeFiles/teclado.dir/C_/Users/Ikaro/.pico-sdk/sdk/2.1.0/src/common/pico_time/time.c.obj
 .text.ta_enable_irq_handler
                0x10000f88       0x2c CMakeFiles/teclado.dir/C_/Users/Ikaro/.pico-sdk/sdk/2.1.0/src/common/pico_time/time.c.obj
 .text.alarm_pool_post_alloc_init
                0x10000fb4       0x78 CMakeFiles/teclado.dir/C_/Users/Ikaro/.pico-sdk/sdk/2.1.0/src/common/pico_time/time.c.obj
 .text.alarm_pool_get_default
                0x1000102c       0x2c CMakeFiles/teclado.dir/C_/Users/Ikaro/.pico-sdk/sdk/2.1.0/src/common/pico_time/time.c.obj
                0x1000102c                alarm_pool_get_default
 .text.alarm_pool_add_alarm_at_force_in_context
                0x10001058       0xa4 CMakeFiles/teclado.dir/C_/Users/Ikaro/.pico-sdk/sdk/2.1.0/src/common/pico_time/time.c.obj
                0x10001058                alarm_pool_add_alarm_at_force_in_context
 .text.alarm_pool_add_alarm_at
                0x100010fc       0x3c CMakeFiles/teclado.dir/C_/Users/Ikaro/.pico-sdk/sdk/2.1.0/src/common/pico_time/time.c.obj
                0x100010fc                alarm_pool_add_alarm_at
 .text.add_alarm_at
                0x10001138       0x2e CMakeFiles/teclado.dir/C_/Users/Ikaro/.pico-sdk/sdk/2.1.0/src/common/pico_time/time.c.obj
 *fill*         0x10001166        0x2 
 .text.alarm_pool_cancel_alarm
                0x10001168       0x78 CMakeFiles/teclado.dir/C_/Users/Ikaro/.pico-sdk/sdk/2.1.0/src/common/pico_time/time.c.obj
                0x10001168                alarm_pool_cancel_alarm
 .text.cancel_alarm
                0x100011e0       0x10 CMakeFiles/teclado.dir/C_/Users/Ikaro/.pico-sdk/sdk/2.1.0/src/common/pico_time/time.c.obj
 .text.alarm_pool_core_num
                0x100011f0        0x4 CMakeFiles/teclado.dir/C_/Users/Ikaro/.pico-sdk/sdk/2.1.0/src/common/pico_time/time.c.obj
                0x100011f0                alarm_pool_core_num
 .text.sleep_until
                0x100011f4       0xc0 CMakeFiles/teclado.dir/C_/Users/Ikaro/.pico-sdk/sdk/2.1.0/src/common/pico_time/time.c.obj
                0x100011f4                sleep_until
 .text.sleep_us
                0x100012b4       0x24 CMakeFiles/teclado.dir/C_/Users/Ikaro/.pico-sdk/sdk/2.1.0/src/common/pico_time/time.c.obj
                0x100012b4                sleep_us
 .text.sleep_ms
                0x100012d8       0x14 CMakeFiles/teclado.dir/C_/Users/Ikaro/.pico-sdk/sdk/2.1.0/src/common/pico_time/time.c.obj
                0x100012d8                sleep_ms
 .text.best_effort_wfe_or_timeout
                0x100012ec      0x104 CMakeFiles/teclado.dir/C_/Users/Ikaro/.pico-sdk/sdk/2.1.0/src/common/pico_time/time.c.obj
                0x100012ec                best_effort_wfe_or_timeout
 .text.alarm_pool_get_default_timer
                0x100013f0        0x8 CMakeFiles/teclado.dir/C_/Users/Ikaro/.pico-sdk/sdk/2.1.0/src/common/pico_time/time.c.obj
                0x100013f0                alarm_pool_get_default_timer
 .text.runtime_init_default_alarm_pool
                0x100013f8       0x38 CMakeFiles/teclado.dir/C_/Users/Ikaro/.pico-sdk/sdk/2.1.0/src/common/pico_time/time.c.obj
                0x100013f8                runtime_init_default_alarm_pool
 .text.timer_hardware_alarm_claim
                0x10001430       0x14 CMakeFiles/teclado.dir/C_/Users/Ikaro/.pico-sdk/sdk/2.1.0/src/rp2_common/hardware_timer/timer.c.obj
                0x10001430                timer_hardware_alarm_claim
 .text.timer_time_us_64
                0x10001444       0x10 CMakeFiles/teclado.dir/C_/Users/Ikaro/.pico-sdk/sdk/2.1.0/src/rp2_common/hardware_timer/timer.c.obj
                0x10001444                timer_time_us_64
 .text.timer_busy_wait_until
                0x10001454       0x1a CMakeFiles/teclado.dir/C_/Users/Ikaro/.pico-sdk/sdk/2.1.0/src/rp2_common/hardware_timer/timer.c.obj
                0x10001454                timer_busy_wait_until
 *fill*         0x1000146e        0x2 
 .text.time_us_64
                0x10001470       0x10 CMakeFiles/teclado.dir/C_/Users/Ikaro/.pico-sdk/sdk/2.1.0/src/rp2_common/hardware_timer/timer.c.obj
                0x10001470                time_us_64
 .text.busy_wait_until
                0x10001480       0x14 CMakeFiles/teclado.dir/C_/Users/Ikaro/.pico-sdk/sdk/2.1.0/src/rp2_common/hardware_timer/timer.c.obj
                0x10001480                busy_wait_until
 .text.clock_configure_internal
                0x10001494       0xc4 CMakeFiles/teclado.dir/C_/Users/Ikaro/.pico-sdk/sdk/2.1.0/src/rp2_common/hardware_clocks/clocks.c.obj
 .text.clock_configure_int_divider
                0x10001558       0x28 CMakeFiles/teclado.dir/C_/Users/Ikaro/.pico-sdk/sdk/2.1.0/src/rp2_common/hardware_clocks/clocks.c.obj
                0x10001558                clock_configure_int_divider
 .text.clock_configure_undivided
                0x10001580       0x12 CMakeFiles/teclado.dir/C_/Users/Ikaro/.pico-sdk/sdk/2.1.0/src/rp2_common/hardware_clocks/clocks.c.obj
                0x10001580                clock_configure_undivided
 *fill*         0x10001592        0x2 
 .text.clock_get_hz
                0x10001594        0xc CMakeFiles/teclado.dir/C_/Users/Ikaro/.pico-sdk/sdk/2.1.0/src/rp2_common/hardware_clocks/clocks.c.obj
                0x10001594                clock_get_hz
 .text.pll_init
                0x100015a0      0x124 CMakeFiles/teclado.dir/C_/Users/Ikaro/.pico-sdk/sdk/2.1.0/src/rp2_common/hardware_pll/pll.c.obj
                0x100015a0                pll_init
 .text.watchdog_update
                0x100016c4       0x14 CMakeFiles/teclado.dir/C_/Users/Ikaro/.pico-sdk/sdk/2.1.0/src/rp2_common/hardware_watchdog/watchdog.c.obj
                0x100016c4                watchdog_update
 .text._watchdog_enable
                0x100016d8       0x7c CMakeFiles/teclado.dir/C_/Users/Ikaro/.pico-sdk/sdk/2.1.0/src/rp2_common/hardware_watchdog/watchdog.c.obj
                0x100016d8                _watchdog_enable
 .text.watchdog_reboot
                0x10001754       0x48 CMakeFiles/teclado.dir/C_/Users/Ikaro/.pico-sdk/sdk/2.1.0/src/rp2_common/hardware_watchdog/watchdog.c.obj
                0x10001754                watchdog_reboot
 .text.tick_start
                0x1000179c       0x10 CMakeFiles/teclado.dir/C_/Users/Ikaro/.pico-sdk/sdk/2.1.0/src/rp2_common/hardware_ticks/ticks.c.obj
                0x1000179c                tick_start
 .text.rom_func_lookup
                0x100017ac       0x10 CMakeFiles/teclado.dir/C_/Users/Ikaro/.pico-sdk/sdk/2.1.0/src/rp2_common/pico_bootrom/bootrom.c.obj
                0x100017ac                rom_func_lookup
 .text.rom_data_lookup
                0x100017bc       0x10 CMakeFiles/teclado.dir/C_/Users/Ikaro/.pico-sdk/sdk/2.1.0/src/rp2_common/pico_bootrom/bootrom.c.obj
                0x100017bc                rom_data_lookup
 .text.rom_funcs_lookup
                0x100017cc       0x36 CMakeFiles/teclado.dir/C_/Users/Ikaro/.pico-sdk/sdk/2.1.0/src/rp2_common/pico_bootrom/bootrom.c.obj
                0x100017cc                rom_funcs_lookup
 *fill*         0x10001802        0x2 
 .text.rom_reset_usb_boot_extra
                0x10001804       0x24 CMakeFiles/teclado.dir/C_/Users/Ikaro/.pico-sdk/sdk/2.1.0/src/rp2_common/pico_bootrom/bootrom.c.obj
                0x10001804                rom_reset_usb_boot_extra
 .text.xosc_init
                0x10001828       0x28 CMakeFiles/teclado.dir/C_/Users/Ikaro/.pico-sdk/sdk/2.1.0/src/rp2_common/hardware_xosc/xosc.c.obj
                0x10001828                xosc_init
 .text.runtime_run_initializers_from
                0x10001850       0x18 CMakeFiles/teclado.dir/C_/Users/Ikaro/.pico-sdk/sdk/2.1.0/src/rp2_common/pico_runtime/runtime.c.obj
 .text.first_per_core_initializer
                0x10001868        0x2 CMakeFiles/teclado.dir/C_/Users/Ikaro/.pico-sdk/sdk/2.1.0/src/rp2_common/pico_runtime/runtime.c.obj
 *fill*         0x1000186a        0x2 
 .text.runtime_run_initializers
                0x1000186c       0x10 CMakeFiles/teclado.dir/C_/Users/Ikaro/.pico-sdk/sdk/2.1.0/src/rp2_common/pico_runtime/runtime.c.obj
                0x1000186c                runtime_run_initializers
 .text.runtime_init_early_resets
                0x1000187c       0x2c CMakeFiles/teclado.dir/C_/Users/Ikaro/.pico-sdk/sdk/2.1.0/src/rp2_common/pico_runtime_init/runtime_init.c.obj
                0x1000187c                runtime_init_early_resets
 .text.runtime_init_usb_power_down
                0x100018a8       0x1c CMakeFiles/teclado.dir/C_/Users/Ikaro/.pico-sdk/sdk/2.1.0/src/rp2_common/pico_runtime_init/runtime_init.c.obj
                0x100018a8                runtime_init_usb_power_down
 .text.runtime_init_post_clock_resets
                0x100018c4       0x20 CMakeFiles/teclado.dir/C_/Users/Ikaro/.pico-sdk/sdk/2.1.0/src/rp2_common/pico_runtime_init/runtime_init.c.obj
                0x100018c4                runtime_init_post_clock_resets
 .text.runtime_init_rp2040_gpio_ie_disable
                0x100018e4       0x14 CMakeFiles/teclado.dir/C_/Users/Ikaro/.pico-sdk/sdk/2.1.0/src/rp2_common/pico_runtime_init/runtime_init.c.obj
                0x100018e4                runtime_init_rp2040_gpio_ie_disable
 .text.runtime_init_spin_locks_reset
                0x100018f8        0x8 CMakeFiles/teclado.dir/C_/Users/Ikaro/.pico-sdk/sdk/2.1.0/src/rp2_common/pico_runtime_init/runtime_init.c.obj
                0x100018f8                runtime_init_spin_locks_reset
 .text.runtime_init_install_ram_vector_table
                0x10001900       0x1c CMakeFiles/teclado.dir/C_/Users/Ikaro/.pico-sdk/sdk/2.1.0/src/rp2_common/pico_runtime_init/runtime_init.c.obj
                0x10001900                runtime_init_install_ram_vector_table
 .text.start_all_ticks
                0x1000191c       0x28 CMakeFiles/teclado.dir/C_/Users/Ikaro/.pico-sdk/sdk/2.1.0/src/rp2_common/pico_runtime_init/runtime_init_clocks.c.obj
 .text.runtime_init_clocks
                0x10001944       0xcc CMakeFiles/teclado.dir/C_/Users/Ikaro/.pico-sdk/sdk/2.1.0/src/rp2_common/pico_runtime_init/runtime_init_clocks.c.obj
                0x10001944                runtime_init_clocks
 .text          0x10001a10       0x10 CMakeFiles/teclado.dir/C_/Users/Ikaro/.pico-sdk/sdk/2.1.0/src/rp2_common/pico_bit_ops/bit_ops_aeabi.S.obj
 .text.__wrap___aeabi_idiv
                0x10001a20       0x50 CMakeFiles/teclado.dir/C_/Users/Ikaro/.pico-sdk/sdk/2.1.0/src/rp2_common/pico_divider/divider_hardware.S.obj
                0x10001a20                __wrap___aeabi_idivmod
                0x10001a20                divmod_s32s32
                0x10001a20                div_s32s32
                0x10001a20                __wrap___aeabi_idiv
                0x10001a28                divmod_s32s32_unsafe
                0x10001a54                divmod_s32s32_savestate
 .text.__wrap___aeabi_uidiv
                0x10001a70       0x4c CMakeFiles/teclado.dir/C_/Users/Ikaro/.pico-sdk/sdk/2.1.0/src/rp2_common/pico_divider/divider_hardware.S.obj
                0x10001a70                __wrap___aeabi_uidiv
                0x10001a70                __wrap___aeabi_uidivmod
                0x10001a70                div_u32u32
                0x10001a70                divmod_u32u32
                0x10001a78                divmod_u32u32_unsafe
                0x10001aa0                divmod_u32u32_savestate
 .text.__wrap___aeabi_ldiv
                0x10001abc      0x424 CMakeFiles/teclado.dir/C_/Users/Ikaro/.pico-sdk/sdk/2.1.0/src/rp2_common/pico_divider/divider_hardware.S.obj
                0x10001abc                div_s64s64
                0x10001abc                divmod_s64s64
                0x10001abc                __wrap___aeabi_ldivmod
                0x10001aec                divmod_u64u64
                0x10001aec                div_u64u64
                0x10001aec                __wrap___aeabi_uldivmod
                0x10001afc                divmod_u64u64_savestate
                0x10001b1c                divmod_s64s64_unsafe
                0x10001ba4                divmod_u64u64_unsafe
 .text.__wrap___aeabi_darithmetic
                0x10001ee0       0x60 CMakeFiles/teclado.dir/C_/Users/Ikaro/.pico-sdk/sdk/2.1.0/src/rp2_common/pico_double/double_aeabi_rp2040.S.obj
                0x10001ee0                __wrap___aeabi_drsub
                0x10001ee6                __wrap___aeabi_dsub
                0x10001ef0                __wrap___aeabi_dadd
                0x10001efa                __wrap___aeabi_ddiv
                0x10001f2e                __wrap___aeabi_dmul
 .text.__wrap___aeabi_cdcmple
                0x10001f40       0x6c CMakeFiles/teclado.dir/C_/Users/Ikaro/.pico-sdk/sdk/2.1.0/src/rp2_common/pico_double/double_aeabi_rp2040.S.obj
                0x10001f40                __wrap___aeabi_cdrcmple
                0x10001f50                __wrap___aeabi_cdcmpeq
                0x10001f50                __wrap___aeabi_cdcmple
 .text.__wrap___aeabi_dcmplt
                0x10001fac        0xc CMakeFiles/teclado.dir/C_/Users/Ikaro/.pico-sdk/sdk/2.1.0/src/rp2_common/pico_double/double_aeabi_rp2040.S.obj
                0x10001fac                __wrap___aeabi_dcmplt
 .text.__wrap___aeabi_dcmple
                0x10001fb8       0x10 CMakeFiles/teclado.dir/C_/Users/Ikaro/.pico-sdk/sdk/2.1.0/src/rp2_common/pico_double/double_aeabi_rp2040.S.obj
                0x10001fb8                __wrap___aeabi_dcmple
 .text.__wrap___aeabi_dcmpge
                0x10001fc8       0x10 CMakeFiles/teclado.dir/C_/Users/Ikaro/.pico-sdk/sdk/2.1.0/src/rp2_common/pico_double/double_aeabi_rp2040.S.obj
                0x10001fc8                __wrap___aeabi_dcmpge
 .text.__wrap___aeabi_dcmpgt
                0x10001fd8        0xa CMakeFiles/teclado.dir/C_/Users/Ikaro/.pico-sdk/sdk/2.1.0/src/rp2_common/pico_double/double_aeabi_rp2040.S.obj
                0x10001fd8                __wrap___aeabi_dcmpgt
 .text.__wrap___aeabi_dcmpun
                0x10001fe2       0x18 CMakeFiles/teclado.dir/C_/Users/Ikaro/.pico-sdk/sdk/2.1.0/src/rp2_common/pico_double/double_aeabi_rp2040.S.obj
                0x10001fe2                __wrap___aeabi_dcmpun
 *fill*         0x10001ffa        0x2 
 .text.__wrap___aeabi_i2d
                0x10001ffc       0x38 CMakeFiles/teclado.dir/C_/Users/Ikaro/.pico-sdk/sdk/2.1.0/src/rp2_common/pico_double/double_aeabi_rp2040.S.obj
                0x10001ffc                __wrap___aeabi_ui2d
                0x10002004                __wrap___aeabi_i2d
 .text.__wrap___aeabi_d2iz
                0x10002034       0x48 CMakeFiles/teclado.dir/C_/Users/Ikaro/.pico-sdk/sdk/2.1.0/src/rp2_common/pico_double/double_aeabi_rp2040.S.obj
                0x10002034                double2int_z
                0x10002034                __wrap___aeabi_d2iz
 .text.__wrap___aeabi_d2uiz
                0x1000207c       0x10 CMakeFiles/teclado.dir/C_/Users/Ikaro/.pico-sdk/sdk/2.1.0/src/rp2_common/pico_double/double_aeabi_rp2040.S.obj
                0x1000207c                __wrap___aeabi_d2uiz
                0x1000207c                double2uint
 .text.missing_double_func_shim
                0x1000208c        0xc CMakeFiles/teclado.dir/C_/Users/Ikaro/.pico-sdk/sdk/2.1.0/src/rp2_common/pico_double/double_init_rom_rp2040.c.obj
 .text.__aeabi_double_init
                0x10002098       0xd0 CMakeFiles/teclado.dir/C_/Users/Ikaro/.pico-sdk/sdk/2.1.0/src/rp2_common/pico_double/double_init_rom_rp2040.c.obj
                0x10002098                __aeabi_double_init
 .text.double_table_shim_on_use_helper
                0x10002168       0x34 CMakeFiles/teclado.dir/C_/Users/Ikaro/.pico-sdk/sdk/2.1.0/src/rp2_common/pico_double/double_v1_rom_shim_rp2040.S.obj
                0x10002168                double_table_shim_on_use_helper
 .text.__aeabi_lmul
                0x1000219c       0x32 CMakeFiles/teclado.dir/C_/Users/Ikaro/.pico-sdk/sdk/2.1.0/src/rp2_common/pico_int64_ops/pico_int64_ops_aeabi.S.obj
                0x1000219c                __wrap___aeabi_lmul
 *fill*         0x100021ce        0x2 
 .text.missing_float_func_shim
                0x100021d0        0xc CMakeFiles/teclado.dir/C_/Users/Ikaro/.pico-sdk/sdk/2.1.0/src/rp2_common/pico_float/float_init_rom_rp2040.c.obj
 .text.__aeabi_float_init
                0x100021dc       0x88 CMakeFiles/teclado.dir/C_/Users/Ikaro/.pico-sdk/sdk/2.1.0/src/rp2_common/pico_float/float_init_rom_rp2040.c.obj
                0x100021dc                __aeabi_float_init
 .text          0x10002264       0x10 CMakeFiles/teclado.dir/C_/Users/Ikaro/.pico-sdk/sdk/2.1.0/src/rp2_common/pico_mem_ops/mem_ops_aeabi.S.obj
                0x10002264                __aeabi_mem_init
 .text.memset   0x10002274        0xc CMakeFiles/teclado.dir/C_/Users/Ikaro/.pico-sdk/sdk/2.1.0/src/rp2_common/pico_mem_ops/mem_ops_aeabi.S.obj
                0x10002274                __wrap_memset
 .text.memcpy   0x10002280        0xc CMakeFiles/teclado.dir/C_/Users/Ikaro/.pico-sdk/sdk/2.1.0/src/rp2_common/pico_mem_ops/mem_ops_aeabi.S.obj
                0x10002280                __wrap_memcpy
                0x10002280                __wrap___aeabi_memcpy
 .text._out_null
                0x1000228c        0x2 CMakeFiles/teclado.dir/C_/Users/Ikaro/.pico-sdk/sdk/2.1.0/src/rp2_common/pico_printf/printf.c.obj
 .text._out_fct
                0x1000228e        0xe CMakeFiles/teclado.dir/C_/Users/Ikaro/.pico-sdk/sdk/2.1.0/src/rp2_common/pico_printf/printf.c.obj
 .text._atoi    0x1000229c       0x24 CMakeFiles/teclado.dir/C_/Users/Ikaro/.pico-sdk/sdk/2.1.0/src/rp2_common/pico_printf/printf.c.obj
 .text._out_rev
                0x100022c0       0xae CMakeFiles/teclado.dir/C_/Users/Ikaro/.pico-sdk/sdk/2.1.0/src/rp2_common/pico_printf/printf.c.obj
 .text._ntoa_format
                0x1000236e      0x110 CMakeFiles/teclado.dir/C_/Users/Ikaro/.pico-sdk/sdk/2.1.0/src/rp2_common/pico_printf/printf.c.obj
 .text._ntoa_long
                0x1000247e       0xbc CMakeFiles/teclado.dir/C_/Users/Ikaro/.pico-sdk/sdk/2.1.0/src/rp2_common/pico_printf/printf.c.obj
 .text._ntoa_long_long
                0x1000253a      0x10e CMakeFiles/teclado.dir/C_/Users/Ikaro/.pico-sdk/sdk/2.1.0/src/rp2_common/pico_printf/printf.c.obj
 .text._etoa    0x10002648      0x420 CMakeFiles/teclado.dir/C_/Users/Ikaro/.pico-sdk/sdk/2.1.0/src/rp2_common/pico_printf/printf.c.obj
 .text._ftoa    0x10002a68      0x354 CMakeFiles/teclado.dir/C_/Users/Ikaro/.pico-sdk/sdk/2.1.0/src/rp2_common/pico_printf/printf.c.obj
 .text._vsnprintf
                0x10002dbc      0x668 CMakeFiles/teclado.dir/C_/Users/Ikaro/.pico-sdk/sdk/2.1.0/src/rp2_common/pico_printf/printf.c.obj
 .text.vfctprintf
                0x10003424       0x20 CMakeFiles/teclado.dir/C_/Users/Ikaro/.pico-sdk/sdk/2.1.0/src/rp2_common/pico_printf/printf.c.obj
                0x10003424                vfctprintf
 .text._exit    0x10003444        0x4 CMakeFiles/teclado.dir/C_/Users/Ikaro/.pico-sdk/sdk/2.1.0/src/rp2_common/pico_clib_interface/newlib_interface.c.obj
                0x10003444                _exit
 .text.exit     0x10003448        0x6 CMakeFiles/teclado.dir/C_/Users/Ikaro/.pico-sdk/sdk/2.1.0/src/rp2_common/pico_clib_interface/newlib_interface.c.obj
                0x10003448                exit
 *fill*         0x1000344e        0x2 
 .text.__assert_func
                0x10003450       0x38 CMakeFiles/teclado.dir/C_/Users/Ikaro/.pico-sdk/sdk/2.1.0/src/rp2_common/pico_clib_interface/newlib_interface.c.obj
                0x10003450                __assert_func
 .text.runtime_init
                0x10003488       0x28 CMakeFiles/teclado.dir/C_/Users/Ikaro/.pico-sdk/sdk/2.1.0/src/rp2_common/pico_clib_interface/newlib_interface.c.obj
                0x10003488                runtime_init
 .text.stdio_out_chars_no_crlf
                0x100034b0        0xe CMakeFiles/teclado.dir/C_/Users/Ikaro/.pico-sdk/sdk/2.1.0/src/rp2_common/pico_stdio/stdio.c.obj
 *fill*         0x100034be        0x2 
 .text.stdio_out_chars_crlf
                0x100034c0       0x80 CMakeFiles/teclado.dir/C_/Users/Ikaro/.pico-sdk/sdk/2.1.0/src/rp2_common/pico_stdio/stdio.c.obj
 .text.stdio_stack_buffer_flush
                0x10003540       0x44 CMakeFiles/teclado.dir/C_/Users/Ikaro/.pico-sdk/sdk/2.1.0/src/rp2_common/pico_stdio/stdio.c.obj
 .text.stdio_buffered_printer
                0x10003584       0x20 CMakeFiles/teclado.dir/C_/Users/Ikaro/.pico-sdk/sdk/2.1.0/src/rp2_common/pico_stdio/stdio.c.obj
 .text.stdout_serialize_begin
                0x100035a4       0x30 CMakeFiles/teclado.dir/C_/Users/Ikaro/.pico-sdk/sdk/2.1.0/src/rp2_common/pico_stdio/stdio.c.obj
                0x100035a4                stdout_serialize_begin
 .text.stdout_serialize_end
                0x100035d4       0x10 CMakeFiles/teclado.dir/C_/Users/Ikaro/.pico-sdk/sdk/2.1.0/src/rp2_common/pico_stdio/stdio.c.obj
                0x100035d4                stdout_serialize_end
 .text.stdio_put_string
                0x100035e4       0x94 CMakeFiles/teclado.dir/C_/Users/Ikaro/.pico-sdk/sdk/2.1.0/src/rp2_common/pico_stdio/stdio.c.obj
                0x100035e4                stdio_put_string
 .text.stdio_set_driver_enabled
                0x10003678       0x2c CMakeFiles/teclado.dir/C_/Users/Ikaro/.pico-sdk/sdk/2.1.0/src/rp2_common/pico_stdio/stdio.c.obj
                0x10003678                stdio_set_driver_enabled
 .text.stdio_flush
                0x100036a4       0x20 CMakeFiles/teclado.dir/C_/Users/Ikaro/.pico-sdk/sdk/2.1.0/src/rp2_common/pico_stdio/stdio.c.obj
                0x100036a4                stdio_flush
 .text.stdio_init_all
                0x100036c4        0x8 CMakeFiles/teclado.dir/C_/Users/Ikaro/.pico-sdk/sdk/2.1.0/src/rp2_common/pico_stdio/stdio.c.obj
                0x100036c4                stdio_init_all
 .text.__wrap_puts
                0x100036cc       0x1e CMakeFiles/teclado.dir/C_/Users/Ikaro/.pico-sdk/sdk/2.1.0/src/rp2_common/pico_stdio/stdio.c.obj
                0x100036cc                stdio_puts
                0x100036cc                __wrap_puts
 *fill*         0x100036ea        0x2 
 .text.__wrap_vprintf
                0x100036ec       0x40 CMakeFiles/teclado.dir/C_/Users/Ikaro/.pico-sdk/sdk/2.1.0/src/rp2_common/pico_stdio/stdio.c.obj
                0x100036ec                stdio_vprintf
                0x100036ec                __wrap_vprintf
 .text.__wrap_printf
                0x1000372c       0x18 CMakeFiles/teclado.dir/C_/Users/Ikaro/.pico-sdk/sdk/2.1.0/src/rp2_common/pico_stdio/stdio.c.obj
                0x1000372c                __wrap_printf
                0x1000372c                stdio_printf
 .text.resetd_init
                0x10003744        0x2 CMakeFiles/teclado.dir/C_/Users/Ikaro/.pico-sdk/sdk/2.1.0/src/rp2_common/pico_stdio_usb/reset_interface.c.obj
 *fill*         0x10003746        0x2 
 .text.resetd_reset
                0x10003748        0xc CMakeFiles/teclado.dir/C_/Users/Ikaro/.pico-sdk/sdk/2.1.0/src/rp2_common/pico_stdio_usb/reset_interface.c.obj
 .text.resetd_open
                0x10003754       0x34 CMakeFiles/teclado.dir/C_/Users/Ikaro/.pico-sdk/sdk/2.1.0/src/rp2_common/pico_stdio_usb/reset_interface.c.obj
 .text.resetd_xfer_cb
                0x10003788        0x4 CMakeFiles/teclado.dir/C_/Users/Ikaro/.pico-sdk/sdk/2.1.0/src/rp2_common/pico_stdio_usb/reset_interface.c.obj
 .text.resetd_control_xfer_cb
                0x1000378c       0x60 CMakeFiles/teclado.dir/C_/Users/Ikaro/.pico-sdk/sdk/2.1.0/src/rp2_common/pico_stdio_usb/reset_interface.c.obj
 .text.tud_descriptor_bos_cb
                0x100037ec        0x8 CMakeFiles/teclado.dir/C_/Users/Ikaro/.pico-sdk/sdk/2.1.0/src/rp2_common/pico_stdio_usb/reset_interface.c.obj
                0x100037ec                tud_descriptor_bos_cb
 .text.tud_vendor_control_xfer_cb
                0x100037f4       0x38 CMakeFiles/teclado.dir/C_/Users/Ikaro/.pico-sdk/sdk/2.1.0/src/rp2_common/pico_stdio_usb/reset_interface.c.obj
                0x100037f4                tud_vendor_control_xfer_cb
 .text.usbd_app_driver_get_cb
                0x1000382c        0xc CMakeFiles/teclado.dir/C_/Users/Ikaro/.pico-sdk/sdk/2.1.0/src/rp2_common/pico_stdio_usb/reset_interface.c.obj
                0x1000382c                usbd_app_driver_get_cb
 .text.tud_cdc_line_coding_cb
                0x10003838       0x2c CMakeFiles/teclado.dir/C_/Users/Ikaro/.pico-sdk/sdk/2.1.0/src/rp2_common/pico_stdio_usb/reset_interface.c.obj
                0x10003838                tud_cdc_line_coding_cb
 .text.stdio_usb_set_chars_available_callback
                0x10003864       0x14 CMakeFiles/teclado.dir/C_/Users/Ikaro/.pico-sdk/sdk/2.1.0/src/rp2_common/pico_stdio_usb/stdio_usb.c.obj
                0x10003864                stdio_usb_set_chars_available_callback
 .text.stdio_usb_out_flush
                0x10003878       0x4c CMakeFiles/teclado.dir/C_/Users/Ikaro/.pico-sdk/sdk/2.1.0/src/rp2_common/pico_stdio_usb/stdio_usb.c.obj
 .text.usb_irq  0x100038c4       0x10 CMakeFiles/teclado.dir/C_/Users/Ikaro/.pico-sdk/sdk/2.1.0/src/rp2_common/pico_stdio_usb/stdio_usb.c.obj
 .text.critical_section_enter_blocking
                0x100038d4       0x16 CMakeFiles/teclado.dir/C_/Users/Ikaro/.pico-sdk/sdk/2.1.0/src/rp2_common/pico_stdio_usb/stdio_usb.c.obj
 *fill*         0x100038ea        0x2 
 .text.timer_task
                0x100038ec       0x60 CMakeFiles/teclado.dir/C_/Users/Ikaro/.pico-sdk/sdk/2.1.0/src/rp2_common/pico_stdio_usb/stdio_usb.c.obj
 .text.alarm_pool_add_alarm_in_us
                0x1000394c       0x40 CMakeFiles/teclado.dir/C_/Users/Ikaro/.pico-sdk/sdk/2.1.0/src/rp2_common/pico_stdio_usb/stdio_usb.c.obj
 .text.add_alarm_in_us
                0x1000398c       0x2e CMakeFiles/teclado.dir/C_/Users/Ikaro/.pico-sdk/sdk/2.1.0/src/rp2_common/pico_stdio_usb/stdio_usb.c.obj
 *fill*         0x100039ba        0x2 
 .text.low_priority_worker_irq
                0x100039bc       0xa0 CMakeFiles/teclado.dir/C_/Users/Ikaro/.pico-sdk/sdk/2.1.0/src/rp2_common/pico_stdio_usb/stdio_usb.c.obj
 .text.stdio_usb_init
                0x10003a5c       0xdc CMakeFiles/teclado.dir/C_/Users/Ikaro/.pico-sdk/sdk/2.1.0/src/rp2_common/pico_stdio_usb/stdio_usb.c.obj
                0x10003a5c                stdio_usb_init
 .text.stdio_usb_connected
                0x10003b38        0xa CMakeFiles/teclado.dir/C_/Users/Ikaro/.pico-sdk/sdk/2.1.0/src/rp2_common/pico_stdio_usb/stdio_usb.c.obj
                0x10003b38                stdio_usb_connected
 *fill*         0x10003b42        0x2 
 .text.stdio_usb_in_chars
                0x10003b44       0x98 CMakeFiles/teclado.dir/C_/Users/Ikaro/.pico-sdk/sdk/2.1.0/src/rp2_common/pico_stdio_usb/stdio_usb.c.obj
                0x10003b44                stdio_usb_in_chars
 .text.stdio_usb_out_chars
                0x10003bdc       0xe8 CMakeFiles/teclado.dir/C_/Users/Ikaro/.pico-sdk/sdk/2.1.0/src/rp2_common/pico_stdio_usb/stdio_usb.c.obj
 .text.tud_descriptor_device_cb
                0x10003cc4        0x8 CMakeFiles/teclado.dir/C_/Users/Ikaro/.pico-sdk/sdk/2.1.0/src/rp2_common/pico_stdio_usb/stdio_usb_descriptors.c.obj
                0x10003cc4                tud_descriptor_device_cb
 .text.tud_descriptor_configuration_cb
                0x10003ccc        0x8 CMakeFiles/teclado.dir/C_/Users/Ikaro/.pico-sdk/sdk/2.1.0/src/rp2_common/pico_stdio_usb/stdio_usb_descriptors.c.obj
                0x10003ccc                tud_descriptor_configuration_cb
 .text.tud_descriptor_string_cb
                0x10003cd4       0x6c CMakeFiles/teclado.dir/C_/Users/Ikaro/.pico-sdk/sdk/2.1.0/src/rp2_common/pico_stdio_usb/stdio_usb_descriptors.c.obj
                0x10003cd4                tud_descriptor_string_cb
 .text._retrieve_unique_id_on_boot
                0x10003d40       0x10 CMakeFiles/teclado.dir/C_/Users/Ikaro/.pico-sdk/sdk/2.1.0/src/rp2_common/pico_unique_id/unique_id.c.obj
 .text.pico_get_unique_board_id_string
                0x10003d50       0x5c CMakeFiles/teclado.dir/C_/Users/Ikaro/.pico-sdk/sdk/2.1.0/src/rp2_common/pico_unique_id/unique_id.c.obj
                0x10003d50                pico_get_unique_board_id_string
 .text.flash_get_unique_id
                0x10003dac       0x40 CMakeFiles/teclado.dir/C_/Users/Ikaro/.pico-sdk/sdk/2.1.0/src/rp2_common/hardware_flash/flash.c.obj
                0x10003dac                flash_get_unique_id
 .text._hw_endpoint_alloc
                0x10003dec       0x70 CMakeFiles/teclado.dir/C_/Users/Ikaro/.pico-sdk/sdk/2.1.0/lib/tinyusb/src/portable/raspberrypi/rp2040/dcd_rp2040.c.obj
 .text.hw_endpoint_init
                0x10003e5c       0xbc CMakeFiles/teclado.dir/C_/Users/Ikaro/.pico-sdk/sdk/2.1.0/lib/tinyusb/src/portable/raspberrypi/rp2040/dcd_rp2040.c.obj
 .text.hw_endpoint_xfer
                0x10003f18       0x20 CMakeFiles/teclado.dir/C_/Users/Ikaro/.pico-sdk/sdk/2.1.0/lib/tinyusb/src/portable/raspberrypi/rp2040/dcd_rp2040.c.obj
 .text.dcd_int_enable
                0x10003f38       0x2c CMakeFiles/teclado.dir/C_/Users/Ikaro/.pico-sdk/sdk/2.1.0/lib/tinyusb/src/portable/raspberrypi/rp2040/dcd_rp2040.c.obj
                0x10003f38                dcd_int_enable
 .text.dcd_set_address
                0x10003f64       0x2c CMakeFiles/teclado.dir/C_/Users/Ikaro/.pico-sdk/sdk/2.1.0/lib/tinyusb/src/portable/raspberrypi/rp2040/dcd_rp2040.c.obj
                0x10003f64                dcd_set_address
 .text.dcd_connect
                0x10003f90       0x10 CMakeFiles/teclado.dir/C_/Users/Ikaro/.pico-sdk/sdk/2.1.0/lib/tinyusb/src/portable/raspberrypi/rp2040/dcd_rp2040.c.obj
                0x10003f90                dcd_connect
 .text.dcd_init
                0x10003fa0       0x80 CMakeFiles/teclado.dir/C_/Users/Ikaro/.pico-sdk/sdk/2.1.0/lib/tinyusb/src/portable/raspberrypi/rp2040/dcd_rp2040.c.obj
                0x10003fa0                dcd_init
 .text.dcd_sof_enable
                0x10004020       0x1c CMakeFiles/teclado.dir/C_/Users/Ikaro/.pico-sdk/sdk/2.1.0/lib/tinyusb/src/portable/raspberrypi/rp2040/dcd_rp2040.c.obj
                0x10004020                dcd_sof_enable
 .text.dcd_edpt0_status_complete
                0x1000403c       0x1c CMakeFiles/teclado.dir/C_/Users/Ikaro/.pico-sdk/sdk/2.1.0/lib/tinyusb/src/portable/raspberrypi/rp2040/dcd_rp2040.c.obj
                0x1000403c                dcd_edpt0_status_complete
 .text.dcd_edpt_open
                0x10004058       0x40 CMakeFiles/teclado.dir/C_/Users/Ikaro/.pico-sdk/sdk/2.1.0/lib/tinyusb/src/portable/raspberrypi/rp2040/dcd_rp2040.c.obj
                0x10004058                dcd_edpt_open
 .text.dcd_edpt_close_all
                0x10004098        0x8 CMakeFiles/teclado.dir/C_/Users/Ikaro/.pico-sdk/sdk/2.1.0/lib/tinyusb/src/portable/raspberrypi/rp2040/dcd_rp2040.c.obj
                0x10004098                dcd_edpt_close_all
 .text.dcd_edpt_xfer
                0x100040a0       0x30 CMakeFiles/teclado.dir/C_/Users/Ikaro/.pico-sdk/sdk/2.1.0/lib/tinyusb/src/portable/raspberrypi/rp2040/dcd_rp2040.c.obj
                0x100040a0                dcd_edpt_xfer
 .text.dcd_edpt_stall
                0x100040d0       0x3c CMakeFiles/teclado.dir/C_/Users/Ikaro/.pico-sdk/sdk/2.1.0/lib/tinyusb/src/portable/raspberrypi/rp2040/dcd_rp2040.c.obj
                0x100040d0                dcd_edpt_stall
 .text.dcd_edpt_clear_stall
                0x1000410c       0x30 CMakeFiles/teclado.dir/C_/Users/Ikaro/.pico-sdk/sdk/2.1.0/lib/tinyusb/src/portable/raspberrypi/rp2040/dcd_rp2040.c.obj
                0x1000410c                dcd_edpt_clear_stall
 .text.unaligned_memcpy
                0x1000413c       0x14 CMakeFiles/teclado.dir/C_/Users/Ikaro/.pico-sdk/sdk/2.1.0/lib/tinyusb/src/portable/raspberrypi/rp2040/rp2040_usb.c.obj
 .text.rp2040_usb_init
                0x10004150       0x44 CMakeFiles/teclado.dir/C_/Users/Ikaro/.pico-sdk/sdk/2.1.0/lib/tinyusb/src/portable/raspberrypi/rp2040/rp2040_usb.c.obj
                0x10004150                rp2040_usb_init
 .text.hw_endpoint_xfer_start
                0x10004194       0x60 CMakeFiles/teclado.dir/C_/Users/Ikaro/.pico-sdk/sdk/2.1.0/lib/tinyusb/src/portable/raspberrypi/rp2040/rp2040_usb.c.obj
                0x10004194                hw_endpoint_xfer_start
 .text.configuration_reset
                0x100041f4       0x84 CMakeFiles/teclado.dir/C_/Users/Ikaro/.pico-sdk/sdk/2.1.0/lib/tinyusb/src/device/usbd.c.obj
 .text.critical_section_enter_blocking
                0x10004278       0x16 CMakeFiles/teclado.dir/C_/Users/Ikaro/.pico-sdk/sdk/2.1.0/lib/tinyusb/src/device/usbd.c.obj
 .text.usbd_reset
                0x1000428e        0xc CMakeFiles/teclado.dir/C_/Users/Ikaro/.pico-sdk/sdk/2.1.0/lib/tinyusb/src/device/usbd.c.obj
 .text.invoke_class_control
                0x1000429a       0x1a CMakeFiles/teclado.dir/C_/Users/Ikaro/.pico-sdk/sdk/2.1.0/lib/tinyusb/src/device/usbd.c.obj
 .text.process_set_config
                0x100042b4      0x1b0 CMakeFiles/teclado.dir/C_/Users/Ikaro/.pico-sdk/sdk/2.1.0/lib/tinyusb/src/device/usbd.c.obj
 .text.tud_event_hook_cb
                0x10004464        0x2 CMakeFiles/teclado.dir/C_/Users/Ikaro/.pico-sdk/sdk/2.1.0/lib/tinyusb/src/device/usbd.c.obj
                0x10004464                tud_event_hook_cb
 .text.tud_sof_cb
                0x10004466        0x2 CMakeFiles/teclado.dir/C_/Users/Ikaro/.pico-sdk/sdk/2.1.0/lib/tinyusb/src/device/usbd.c.obj
                0x10004466                tud_sof_cb
 .text.tud_descriptor_device_qualifier_cb
                0x10004468        0x4 CMakeFiles/teclado.dir/C_/Users/Ikaro/.pico-sdk/sdk/2.1.0/lib/tinyusb/src/device/usbd.c.obj
                0x10004468                tud_descriptor_device_qualifier_cb
 .text.tud_descriptor_other_speed_configuration_cb
                0x1000446c        0x4 CMakeFiles/teclado.dir/C_/Users/Ikaro/.pico-sdk/sdk/2.1.0/lib/tinyusb/src/device/usbd.c.obj
                0x1000446c                tud_descriptor_other_speed_configuration_cb
 .text.process_get_descriptor
                0x10004470       0xe0 CMakeFiles/teclado.dir/C_/Users/Ikaro/.pico-sdk/sdk/2.1.0/lib/tinyusb/src/device/usbd.c.obj
 .text.tud_mount_cb
                0x10004550        0x2 CMakeFiles/teclado.dir/C_/Users/Ikaro/.pico-sdk/sdk/2.1.0/lib/tinyusb/src/device/usbd.c.obj
                0x10004550                tud_mount_cb
 .text.tud_umount_cb
                0x10004552        0x2 CMakeFiles/teclado.dir/C_/Users/Ikaro/.pico-sdk/sdk/2.1.0/lib/tinyusb/src/device/usbd.c.obj
                0x10004552                tud_umount_cb
 .text.tud_suspend_cb
                0x10004554        0x2 CMakeFiles/teclado.dir/C_/Users/Ikaro/.pico-sdk/sdk/2.1.0/lib/tinyusb/src/device/usbd.c.obj
                0x10004554                tud_suspend_cb
 .text.tud_resume_cb
                0x10004556        0x2 CMakeFiles/teclado.dir/C_/Users/Ikaro/.pico-sdk/sdk/2.1.0/lib/tinyusb/src/device/usbd.c.obj
                0x10004556                tud_resume_cb
 .text.tud_mounted
                0x10004558       0x10 CMakeFiles/teclado.dir/C_/Users/Ikaro/.pico-sdk/sdk/2.1.0/lib/tinyusb/src/device/usbd.c.obj
                0x10004558                tud_mounted
 .text.tud_suspended
                0x10004568       0x10 CMakeFiles/teclado.dir/C_/Users/Ikaro/.pico-sdk/sdk/2.1.0/lib/tinyusb/src/device/usbd.c.obj
                0x10004568                tud_suspended
 .text.tud_inited
                0x10004578       0x14 CMakeFiles/teclado.dir/C_/Users/Ikaro/.pico-sdk/sdk/2.1.0/lib/tinyusb/src/device/usbd.c.obj
                0x10004578                tud_inited
 .text.tud_init
                0x1000458c       0xdc CMakeFiles/teclado.dir/C_/Users/Ikaro/.pico-sdk/sdk/2.1.0/lib/tinyusb/src/device/usbd.c.obj
                0x1000458c                tud_init
 .text.usbd_edpt_open
                0x10004668       0x60 CMakeFiles/teclado.dir/C_/Users/Ikaro/.pico-sdk/sdk/2.1.0/lib/tinyusb/src/device/usbd.c.obj
                0x10004668                usbd_edpt_open
 .text.usbd_open_edpt_pair
                0x100046c8       0x88 CMakeFiles/teclado.dir/C_/Users/Ikaro/.pico-sdk/sdk/2.1.0/lib/tinyusb/src/device/usbd.c.obj
                0x100046c8                usbd_open_edpt_pair
 .text.usbd_edpt_claim
                0x10004750       0x28 CMakeFiles/teclado.dir/C_/Users/Ikaro/.pico-sdk/sdk/2.1.0/lib/tinyusb/src/device/usbd.c.obj
                0x10004750                usbd_edpt_claim
 .text.usbd_edpt_release
                0x10004778       0x28 CMakeFiles/teclado.dir/C_/Users/Ikaro/.pico-sdk/sdk/2.1.0/lib/tinyusb/src/device/usbd.c.obj
                0x10004778                usbd_edpt_release
 .text.usbd_edpt_xfer
                0x100047a0       0x88 CMakeFiles/teclado.dir/C_/Users/Ikaro/.pico-sdk/sdk/2.1.0/lib/tinyusb/src/device/usbd.c.obj
                0x100047a0                usbd_edpt_xfer
 .text.usbd_edpt_stall
                0x10004828       0x34 CMakeFiles/teclado.dir/C_/Users/Ikaro/.pico-sdk/sdk/2.1.0/lib/tinyusb/src/device/usbd.c.obj
                0x10004828                usbd_edpt_stall
 .text.usbd_edpt_clear_stall
                0x1000485c       0x34 CMakeFiles/teclado.dir/C_/Users/Ikaro/.pico-sdk/sdk/2.1.0/lib/tinyusb/src/device/usbd.c.obj
                0x1000485c                usbd_edpt_clear_stall
 .text.usbd_edpt_stalled
                0x10004890       0x1c CMakeFiles/teclado.dir/C_/Users/Ikaro/.pico-sdk/sdk/2.1.0/lib/tinyusb/src/device/usbd.c.obj
                0x10004890                usbd_edpt_stalled
 .text.process_control_request
                0x100048ac      0x390 CMakeFiles/teclado.dir/C_/Users/Ikaro/.pico-sdk/sdk/2.1.0/lib/tinyusb/src/device/usbd.c.obj
 .text.tud_task_ext
                0x10004c3c      0x1c8 CMakeFiles/teclado.dir/C_/Users/Ikaro/.pico-sdk/sdk/2.1.0/lib/tinyusb/src/device/usbd.c.obj
                0x10004c3c                tud_task_ext
 .text._status_stage_xact
                0x10004e04       0x1a CMakeFiles/teclado.dir/C_/Users/Ikaro/.pico-sdk/sdk/2.1.0/lib/tinyusb/src/device/usbd_control.c.obj
 *fill*         0x10004e1e        0x2 
 .text._data_stage_xact
                0x10004e20       0x60 CMakeFiles/teclado.dir/C_/Users/Ikaro/.pico-sdk/sdk/2.1.0/lib/tinyusb/src/device/usbd_control.c.obj
 .text.tud_control_status
                0x10004e80       0x28 CMakeFiles/teclado.dir/C_/Users/Ikaro/.pico-sdk/sdk/2.1.0/lib/tinyusb/src/device/usbd_control.c.obj
                0x10004e80                tud_control_status
 .text.tud_control_xfer
                0x10004ea8       0x98 CMakeFiles/teclado.dir/C_/Users/Ikaro/.pico-sdk/sdk/2.1.0/lib/tinyusb/src/device/usbd_control.c.obj
                0x10004ea8                tud_control_xfer
 .text.usbd_control_reset
                0x10004f40       0x14 CMakeFiles/teclado.dir/C_/Users/Ikaro/.pico-sdk/sdk/2.1.0/lib/tinyusb/src/device/usbd_control.c.obj
                0x10004f40                usbd_control_reset
 .text.usbd_control_set_complete_callback
                0x10004f54        0xc CMakeFiles/teclado.dir/C_/Users/Ikaro/.pico-sdk/sdk/2.1.0/lib/tinyusb/src/device/usbd_control.c.obj
                0x10004f54                usbd_control_set_complete_callback
 .text.usbd_control_set_request
                0x10004f60       0x1c CMakeFiles/teclado.dir/C_/Users/Ikaro/.pico-sdk/sdk/2.1.0/lib/tinyusb/src/device/usbd_control.c.obj
                0x10004f60                usbd_control_set_request
 .text.usbd_control_xfer_cb
                0x10004f7c       0xe0 CMakeFiles/teclado.dir/C_/Users/Ikaro/.pico-sdk/sdk/2.1.0/lib/tinyusb/src/device/usbd_control.c.obj
                0x10004f7c                usbd_control_xfer_cb
 .text._prep_out_transaction
                0x1000505c       0x72 CMakeFiles/teclado.dir/C_/Users/Ikaro/.pico-sdk/sdk/2.1.0/lib/tinyusb/src/class/cdc/cdc_device.c.obj
 *fill*         0x100050ce        0x2 
 .text.tud_cdc_n_connected
                0x100050d0       0x38 CMakeFiles/teclado.dir/C_/Users/Ikaro/.pico-sdk/sdk/2.1.0/lib/tinyusb/src/class/cdc/cdc_device.c.obj
                0x100050d0                tud_cdc_n_connected
 .text.tud_cdc_n_available
                0x10005108       0x18 CMakeFiles/teclado.dir/C_/Users/Ikaro/.pico-sdk/sdk/2.1.0/lib/tinyusb/src/class/cdc/cdc_device.c.obj
                0x10005108                tud_cdc_n_available
 .text.tud_cdc_n_read
                0x10005120       0x38 CMakeFiles/teclado.dir/C_/Users/Ikaro/.pico-sdk/sdk/2.1.0/lib/tinyusb/src/class/cdc/cdc_device.c.obj
                0x10005120                tud_cdc_n_read
 .text.tud_cdc_n_write_flush
                0x10005158       0xcc CMakeFiles/teclado.dir/C_/Users/Ikaro/.pico-sdk/sdk/2.1.0/lib/tinyusb/src/class/cdc/cdc_device.c.obj
                0x10005158                tud_cdc_n_write_flush
 .text.tud_cdc_n_write
                0x10005224       0x48 CMakeFiles/teclado.dir/C_/Users/Ikaro/.pico-sdk/sdk/2.1.0/lib/tinyusb/src/class/cdc/cdc_device.c.obj
                0x10005224                tud_cdc_n_write
 .text.tud_cdc_n_write_available
                0x1000526c       0x1c CMakeFiles/teclado.dir/C_/Users/Ikaro/.pico-sdk/sdk/2.1.0/lib/tinyusb/src/class/cdc/cdc_device.c.obj
                0x1000526c                tud_cdc_n_write_available
 .text.cdcd_init
                0x10005288       0xc0 CMakeFiles/teclado.dir/C_/Users/Ikaro/.pico-sdk/sdk/2.1.0/lib/tinyusb/src/class/cdc/cdc_device.c.obj
                0x10005288                cdcd_init
 .text.cdcd_deinit
                0x10005348       0x50 CMakeFiles/teclado.dir/C_/Users/Ikaro/.pico-sdk/sdk/2.1.0/lib/tinyusb/src/class/cdc/cdc_device.c.obj
                0x10005348                cdcd_deinit
 .text.cdcd_reset
                0x10005398       0x78 CMakeFiles/teclado.dir/C_/Users/Ikaro/.pico-sdk/sdk/2.1.0/lib/tinyusb/src/class/cdc/cdc_device.c.obj
                0x10005398                cdcd_reset
 .text.cdcd_open
                0x10005410       0xf0 CMakeFiles/teclado.dir/C_/Users/Ikaro/.pico-sdk/sdk/2.1.0/lib/tinyusb/src/class/cdc/cdc_device.c.obj
                0x10005410                cdcd_open
 .text.cdcd_control_xfer_cb
                0x10005500      0x138 CMakeFiles/teclado.dir/C_/Users/Ikaro/.pico-sdk/sdk/2.1.0/lib/tinyusb/src/class/cdc/cdc_device.c.obj
                0x10005500                cdcd_control_xfer_cb
 .text.cdcd_xfer_cb
                0x10005638      0x144 CMakeFiles/teclado.dir/C_/Users/Ikaro/.pico-sdk/sdk/2.1.0/lib/tinyusb/src/class/cdc/cdc_device.c.obj
                0x10005638                cdcd_xfer_cb
 .text.tud_vendor_n_mounted
                0x1000577c       0x40 CMakeFiles/teclado.dir/C_/Users/Ikaro/.pico-sdk/sdk/2.1.0/lib/tinyusb/src/class/vendor/vendor_device.c.obj
                0x1000577c                tud_vendor_n_mounted
 .text.tud_vendor_n_write_flush
                0x100057bc       0x24 CMakeFiles/teclado.dir/C_/Users/Ikaro/.pico-sdk/sdk/2.1.0/lib/tinyusb/src/class/vendor/vendor_device.c.obj
                0x100057bc                tud_vendor_n_write_flush
 .text.vendord_init
                0x100057e0       0x90 CMakeFiles/teclado.dir/C_/Users/Ikaro/.pico-sdk/sdk/2.1.0/lib/tinyusb/src/class/vendor/vendor_device.c.obj
                0x100057e0                vendord_init
 .text.vendord_deinit
                0x10005870       0x34 CMakeFiles/teclado.dir/C_/Users/Ikaro/.pico-sdk/sdk/2.1.0/lib/tinyusb/src/class/vendor/vendor_device.c.obj
                0x10005870                vendord_deinit
 .text.vendord_reset
                0x100058a4       0x38 CMakeFiles/teclado.dir/C_/Users/Ikaro/.pico-sdk/sdk/2.1.0/lib/tinyusb/src/class/vendor/vendor_device.c.obj
                0x100058a4                vendord_reset
 .text.vendord_open
                0x100058dc      0x164 CMakeFiles/teclado.dir/C_/Users/Ikaro/.pico-sdk/sdk/2.1.0/lib/tinyusb/src/class/vendor/vendor_device.c.obj
                0x100058dc                vendord_open
 .text.vendord_xfer_cb
                0x10005a40       0xc0 CMakeFiles/teclado.dir/C_/Users/Ikaro/.pico-sdk/sdk/2.1.0/lib/tinyusb/src/class/vendor/vendor_device.c.obj
                0x10005a40                vendord_xfer_cb
 .text.tusb_init
                0x10005b00       0x24 CMakeFiles/teclado.dir/C_/Users/Ikaro/.pico-sdk/sdk/2.1.0/lib/tinyusb/src/tusb.c.obj
                0x10005b00                tusb_init
 .text.tu_edpt_claim
                0x10005b24       0x50 CMakeFiles/teclado.dir/C_/Users/Ikaro/.pico-sdk/sdk/2.1.0/lib/tinyusb/src/tusb.c.obj
                0x10005b24                tu_edpt_claim
 .text.tu_edpt_release
                0x10005b74       0x38 CMakeFiles/teclado.dir/C_/Users/Ikaro/.pico-sdk/sdk/2.1.0/lib/tinyusb/src/tusb.c.obj
                0x10005b74                tu_edpt_release
 .text.tu_edpt_validate
                0x10005bac       0xac CMakeFiles/teclado.dir/C_/Users/Ikaro/.pico-sdk/sdk/2.1.0/lib/tinyusb/src/tusb.c.obj
                0x10005bac                tu_edpt_validate
 .text.tu_edpt_bind_driver
                0x10005c58       0x26 CMakeFiles/teclado.dir/C_/Users/Ikaro/.pico-sdk/sdk/2.1.0/lib/tinyusb/src/tusb.c.obj
                0x10005c58                tu_edpt_bind_driver
 .text.tu_edpt_stream_init
                0x10005c7e       0x62 CMakeFiles/teclado.dir/C_/Users/Ikaro/.pico-sdk/sdk/2.1.0/lib/tinyusb/src/tusb.c.obj
                0x10005c7e                tu_edpt_stream_init
 .text.tu_edpt_stream_deinit
                0x10005ce0        0x4 CMakeFiles/teclado.dir/C_/Users/Ikaro/.pico-sdk/sdk/2.1.0/lib/tinyusb/src/tusb.c.obj
                0x10005ce0                tu_edpt_stream_deinit
 .text.tu_edpt_stream_write_zlp_if_needed
                0x10005ce4       0x80 CMakeFiles/teclado.dir/C_/Users/Ikaro/.pico-sdk/sdk/2.1.0/lib/tinyusb/src/tusb.c.obj
                0x10005ce4                tu_edpt_stream_write_zlp_if_needed
 .text.tu_edpt_stream_write_xfer
                0x10005d64       0x84 CMakeFiles/teclado.dir/C_/Users/Ikaro/.pico-sdk/sdk/2.1.0/lib/tinyusb/src/tusb.c.obj
                0x10005d64                tu_edpt_stream_write_xfer
 .text.tu_edpt_stream_read_xfer
                0x10005de8       0xf4 CMakeFiles/teclado.dir/C_/Users/Ikaro/.pico-sdk/sdk/2.1.0/lib/tinyusb/src/tusb.c.obj
                0x10005de8                tu_edpt_stream_read_xfer
 .text.advance_index
                0x10005edc       0x1a CMakeFiles/teclado.dir/C_/Users/Ikaro/.pico-sdk/sdk/2.1.0/lib/tinyusb/src/common/tusb_fifo.c.obj
 .text._tu_fifo_peek
                0x10005ef6       0x56 CMakeFiles/teclado.dir/C_/Users/Ikaro/.pico-sdk/sdk/2.1.0/lib/tinyusb/src/common/tusb_fifo.c.obj
 .text._ff_pull_n
                0x10005f4c       0x68 CMakeFiles/teclado.dir/C_/Users/Ikaro/.pico-sdk/sdk/2.1.0/lib/tinyusb/src/common/tusb_fifo.c.obj
 .text._tu_fifo_peek_n
                0x10005fb4       0x6a CMakeFiles/teclado.dir/C_/Users/Ikaro/.pico-sdk/sdk/2.1.0/lib/tinyusb/src/common/tusb_fifo.c.obj
 .text._tu_fifo_read_n
                0x1000601e       0x4e CMakeFiles/teclado.dir/C_/Users/Ikaro/.pico-sdk/sdk/2.1.0/lib/tinyusb/src/common/tusb_fifo.c.obj
 .text._ff_push_n
                0x1000606c       0x68 CMakeFiles/teclado.dir/C_/Users/Ikaro/.pico-sdk/sdk/2.1.0/lib/tinyusb/src/common/tusb_fifo.c.obj
 .text._tu_fifo_write_n
                0x100060d4       0xf0 CMakeFiles/teclado.dir/C_/Users/Ikaro/.pico-sdk/sdk/2.1.0/lib/tinyusb/src/common/tusb_fifo.c.obj
 .text.tu_fifo_config
                0x100061c4       0x7c CMakeFiles/teclado.dir/C_/Users/Ikaro/.pico-sdk/sdk/2.1.0/lib/tinyusb/src/common/tusb_fifo.c.obj
                0x100061c4                tu_fifo_config
 .text.tu_fifo_count
                0x10006240       0x2a CMakeFiles/teclado.dir/C_/Users/Ikaro/.pico-sdk/sdk/2.1.0/lib/tinyusb/src/common/tusb_fifo.c.obj
                0x10006240                tu_fifo_count
 .text.tu_fifo_empty
                0x1000626a        0xe CMakeFiles/teclado.dir/C_/Users/Ikaro/.pico-sdk/sdk/2.1.0/lib/tinyusb/src/common/tusb_fifo.c.obj
                0x1000626a                tu_fifo_empty
 .text.tu_fifo_full
                0x10006278       0x28 CMakeFiles/teclado.dir/C_/Users/Ikaro/.pico-sdk/sdk/2.1.0/lib/tinyusb/src/common/tusb_fifo.c.obj
                0x10006278                tu_fifo_full
 .text.tu_fifo_remaining
                0x100062a0       0x2c CMakeFiles/teclado.dir/C_/Users/Ikaro/.pico-sdk/sdk/2.1.0/lib/tinyusb/src/common/tusb_fifo.c.obj
                0x100062a0                tu_fifo_remaining
 .text.tu_fifo_read
                0x100062cc       0x42 CMakeFiles/teclado.dir/C_/Users/Ikaro/.pico-sdk/sdk/2.1.0/lib/tinyusb/src/common/tusb_fifo.c.obj
                0x100062cc                tu_fifo_read
 .text.tu_fifo_read_n
                0x1000630e        0xa CMakeFiles/teclado.dir/C_/Users/Ikaro/.pico-sdk/sdk/2.1.0/lib/tinyusb/src/common/tusb_fifo.c.obj
                0x1000630e                tu_fifo_read_n
 .text.tu_fifo_write
                0x10006318       0x64 CMakeFiles/teclado.dir/C_/Users/Ikaro/.pico-sdk/sdk/2.1.0/lib/tinyusb/src/common/tusb_fifo.c.obj
                0x10006318                tu_fifo_write
 .text.tu_fifo_write_n
                0x1000637c        0xa CMakeFiles/teclado.dir/C_/Users/Ikaro/.pico-sdk/sdk/2.1.0/lib/tinyusb/src/common/tusb_fifo.c.obj
                0x1000637c                tu_fifo_write_n
 .text.tu_fifo_clear
                0x10006386       0x3e CMakeFiles/teclado.dir/C_/Users/Ikaro/.pico-sdk/sdk/2.1.0/lib/tinyusb/src/common/tusb_fifo.c.obj
                0x10006386                tu_fifo_clear
 .text.tu_fifo_set_overwritable
                0x100063c4       0x46 CMakeFiles/teclado.dir/C_/Users/Ikaro/.pico-sdk/sdk/2.1.0/lib/tinyusb/src/common/tusb_fifo.c.obj
                0x100063c4                tu_fifo_set_overwritable
 *fill*         0x1000640a        0x2 
 .text.strlen   0x1000640c       0x5c C:/Users/Ikaro/.pico-sdk/toolchain/13_3_Rel1/bin/../lib/gcc/arm-none-eabi/13.3.1/thumb/v6-m/nofp\libg.a(libc_a-strlen-stub.o)
                0x1000640c                strlen
 *(.fini)
 .fini          0x10006468        0x4 C:/Users/Ikaro/.pico-sdk/toolchain/13_3_Rel1/bin/../lib/gcc/arm-none-eabi/13.3.1/thumb/v6-m/nofp/crti.o
                0x10006468                _fini
 *fill*         0x1000646c        0x4 
 .fini.__stub   0x10006470       0xd0 linker stubs
 *crtbegin.o(.ctors)
 *crtbegin?.o(.ctors)
 *(EXCLUDE_FILE(*crtend.o *crtend?.o) .ctors)
 *(SORT_BY_NAME(.ctors.*))
 *(.ctors)
 *crtbegin.o(.dtors)
 *crtbegin?.o(.dtors)
 *(EXCLUDE_FILE(*crtend.o *crtend?.o) .dtors)
 *(SORT_BY_NAME(.dtors.*))
 *(.dtors)
                0x10006540                        . = ALIGN (0x4)
                0x10006540                        PROVIDE (__preinit_array_start = .)
 *(SORT_BY_NAME(.preinit_array.*))
 .preinit_array.00100
                0x10006540        0x4 CMakeFiles/teclado.dir/C_/Users/Ikaro/.pico-sdk/sdk/2.1.0/src/rp2_common/pico_runtime_init/runtime_init.c.obj
                0x10006540                __pre_init_runtime_init_early_resets
 .preinit_array.00101
                0x10006544        0x4 CMakeFiles/teclado.dir/C_/Users/Ikaro/.pico-sdk/sdk/2.1.0/src/rp2_common/pico_runtime_init/runtime_init.c.obj
                0x10006544                __pre_init_runtime_init_usb_power_down
 .preinit_array.00275
                0x10006548        0x4 CMakeFiles/teclado.dir/C_/Users/Ikaro/.pico-sdk/sdk/2.1.0/src/rp2_common/pico_bit_ops/bit_ops_aeabi.S.obj
 .preinit_array.00300
                0x1000654c        0x4 CMakeFiles/teclado.dir/C_/Users/Ikaro/.pico-sdk/sdk/2.1.0/src/rp2_common/pico_mem_ops/mem_ops_aeabi.S.obj
 .preinit_array.00350
                0x10006550        0x4 CMakeFiles/teclado.dir/C_/Users/Ikaro/.pico-sdk/sdk/2.1.0/src/rp2_common/pico_double/double_aeabi_rp2040.S.obj
 .preinit_array.00350
                0x10006554        0x4 CMakeFiles/teclado.dir/C_/Users/Ikaro/.pico-sdk/sdk/2.1.0/src/rp2_common/pico_float/float_aeabi_rp2040.S.obj
 .preinit_array.00500
                0x10006558        0x4 CMakeFiles/teclado.dir/C_/Users/Ikaro/.pico-sdk/sdk/2.1.0/src/rp2_common/pico_runtime_init/runtime_init.c.obj
                0x10006558                __pre_init_runtime_init_clocks
 .preinit_array.00600
                0x1000655c        0x4 CMakeFiles/teclado.dir/C_/Users/Ikaro/.pico-sdk/sdk/2.1.0/src/rp2_common/pico_runtime_init/runtime_init.c.obj
                0x1000655c                __pre_init_runtime_init_post_clock_resets
 .preinit_array.00700
                0x10006560        0x4 CMakeFiles/teclado.dir/C_/Users/Ikaro/.pico-sdk/sdk/2.1.0/src/rp2_common/pico_runtime_init/runtime_init.c.obj
                0x10006560                __pre_init_runtime_init_rp2040_gpio_ie_disable
 .preinit_array.01000
                0x10006564        0x4 CMakeFiles/teclado.dir/C_/Users/Ikaro/.pico-sdk/sdk/2.1.0/src/rp2_common/pico_runtime_init/runtime_init.c.obj
                0x10006564                __pre_init_runtime_init_spin_locks_reset
 .preinit_array.01100
                0x10006568        0x4 CMakeFiles/teclado.dir/C_/Users/Ikaro/.pico-sdk/sdk/2.1.0/src/common/pico_sync/mutex.c.obj
                0x10006568                __pre_init_runtime_init_mutex
 .preinit_array.10080
                0x1000656c        0x4 CMakeFiles/teclado.dir/C_/Users/Ikaro/.pico-sdk/sdk/2.1.0/src/rp2_common/pico_runtime_init/runtime_init.c.obj
                0x1000656c                __pre_init_runtime_init_install_ram_vector_table
 .preinit_array.11000
                0x10006570        0x4 CMakeFiles/teclado.dir/C_/Users/Ikaro/.pico-sdk/sdk/2.1.0/src/common/pico_time/time.c.obj
                0x10006570                __pre_init_runtime_init_default_alarm_pool
 .preinit_array.YYYYY
                0x10006574        0x4 CMakeFiles/teclado.dir/C_/Users/Ikaro/.pico-sdk/sdk/2.1.0/src/rp2_common/pico_runtime/runtime.c.obj
                0x10006574                __pre_init_first_per_core_initializer
 .preinit_array.ZZZZZ.01200
                0x10006578        0x4 CMakeFiles/teclado.dir/C_/Users/Ikaro/.pico-sdk/sdk/2.1.0/src/rp2_common/hardware_irq/irq.c.obj
                0x10006578                __pre_init_runtime_init_per_core_irq_priorities
 *(.preinit_array)
                0x1000657c                        PROVIDE (__preinit_array_end = .)
                0x1000657c                        . = ALIGN (0x4)
                0x1000657c                        PROVIDE (__init_array_start = .)
 *(SORT_BY_NAME(.init_array.*))
 *(.init_array)
 .init_array    0x1000657c        0x4 C:/Users/Ikaro/.pico-sdk/toolchain/13_3_Rel1/bin/../lib/gcc/arm-none-eabi/13.3.1/thumb/v6-m/nofp/crtbegin.o
 .init_array    0x10006580        0x4 CMakeFiles/teclado.dir/C_/Users/Ikaro/.pico-sdk/sdk/2.1.0/src/rp2_common/pico_unique_id/unique_id.c.obj
                0x10006584                        PROVIDE (__init_array_end = .)
                0x10006584                        . = ALIGN (0x4)
                [!provide]                        PROVIDE (__fini_array_start = .)
 *(SORT_BY_NAME(.fini_array.*))
 *(.fini_array)
                [!provide]                        PROVIDE (__fini_array_end = .)
 *(.eh_frame*)
 .eh_frame      0x10006584        0x0 C:/Users/Ikaro/.pico-sdk/toolchain/13_3_Rel1/bin/../lib/gcc/arm-none-eabi/13.3.1/thumb/v6-m/nofp/crtbegin.o
                0x10006584                        . = ALIGN (0x4)

.glue_7         0x10006584        0x0
 .glue_7        0x10006584        0x0 linker stubs

.glue_7t        0x10006584        0x0
 .glue_7t       0x10006584        0x0 linker stubs

.vfp11_veneer   0x10006584        0x0
 .vfp11_veneer  0x10006584        0x0 linker stubs

.v4_bx          0x10006584        0x0
 .v4_bx         0x10006584        0x0 linker stubs

.iplt           0x10006584        0x0
 .iplt          0x10006584        0x0 C:/Users/Ikaro/.pico-sdk/toolchain/13_3_Rel1/bin/../lib/gcc/arm-none-eabi/13.3.1/thumb/v6-m/nofp/crtbegin.o

.rodata         0x10006588     0x14c4
 *(EXCLUDE_FILE(*libm.a: *libc.a:*lib_a-mem*.o *libgcc.a:) .rodata*)
 .rodata.executar_tecla
                0x10006588       0x88 CMakeFiles/teclado.dir/teclado.c.obj
 .rodata.teclas
                0x10006610       0x10 CMakeFiles/teclado.dir/teclado.c.obj
                0x10006610                teclas
 .rodata.linhas
                0x10006620       0x10 CMakeFiles/teclado.dir/teclado.c.obj
                0x10006620                linhas
 .rodata.colunas
                0x10006630       0x10 CMakeFiles/teclado.dir/teclado.c.obj
                0x10006630                colunas
 .rodata.rp2040_chip_version.str1.4
                0x10006640      0xbef CMakeFiles/teclado.dir/C_/Users/Ikaro/.pico-sdk/sdk/2.1.0/src/rp2040/pico_platform/platform.c.obj
                                 0x7d (size before relaxing)
 *fill*         0x1000722f        0x1 
 .rodata.__func__.0
                0x10007230       0x14 CMakeFiles/teclado.dir/C_/Users/Ikaro/.pico-sdk/sdk/2.1.0/src/rp2040/pico_platform/platform.c.obj
 .rodata.panic.str1.4
                0x10007244       0x12 CMakeFiles/teclado.dir/C_/Users/Ikaro/.pico-sdk/sdk/2.1.0/src/rp2_common/pico_platform_panic/panic.c.obj
 .rodata.spin_lock_claim_unused.str1.4
                0x10007244       0x1b CMakeFiles/teclado.dir/C_/Users/Ikaro/.pico-sdk/sdk/2.1.0/src/rp2_common/hardware_sync/sync.c.obj
 .rodata.resolve_j_16.str1.4
                0x10007244       0x5d CMakeFiles/teclado.dir/C_/Users/Ikaro/.pico-sdk/sdk/2.1.0/src/rp2_common/hardware_irq/irq.c.obj
 .rodata.make_j_16.str1.4
                0x10007244       0x30 CMakeFiles/teclado.dir/C_/Users/Ikaro/.pico-sdk/sdk/2.1.0/src/rp2_common/hardware_irq/irq.c.obj
 .rodata.irq_set_exclusive_handler.str1.4
                0x10007244       0x36 CMakeFiles/teclado.dir/C_/Users/Ikaro/.pico-sdk/sdk/2.1.0/src/rp2_common/hardware_irq/irq.c.obj
 .rodata.irq_add_shared_handler.str1.4
                0x10007244       0xd2 CMakeFiles/teclado.dir/C_/Users/Ikaro/.pico-sdk/sdk/2.1.0/src/rp2_common/hardware_irq/irq.c.obj
 .rodata.irq_add_tail_to_free_list.str1.4
                0x10007244       0x3a CMakeFiles/teclado.dir/C_/Users/Ikaro/.pico-sdk/sdk/2.1.0/src/rp2_common/hardware_irq/irq.c.obj
 .rodata.user_irq_claim_unused.str1.4
                0x10007244       0x1b CMakeFiles/teclado.dir/C_/Users/Ikaro/.pico-sdk/sdk/2.1.0/src/rp2_common/hardware_irq/irq.c.obj
 .rodata.__func__.0
                0x10007244       0x1a CMakeFiles/teclado.dir/C_/Users/Ikaro/.pico-sdk/sdk/2.1.0/src/rp2_common/hardware_irq/irq.c.obj
 *fill*         0x1000725e        0x2 
 .rodata.__func__.3
                0x10007260        0xa CMakeFiles/teclado.dir/C_/Users/Ikaro/.pico-sdk/sdk/2.1.0/src/rp2_common/hardware_irq/irq.c.obj
 *fill*         0x1000726a        0x2 
 .rodata.__func__.4
                0x1000726c        0xd CMakeFiles/teclado.dir/C_/Users/Ikaro/.pico-sdk/sdk/2.1.0/src/rp2_common/hardware_irq/irq.c.obj
 *fill*         0x10007279        0x3 
 .rodata.__func__.5
                0x1000727c       0x17 CMakeFiles/teclado.dir/C_/Users/Ikaro/.pico-sdk/sdk/2.1.0/src/rp2_common/hardware_irq/irq.c.obj
 *fill*         0x10007293        0x1 
 .rodata.__func__.6
                0x10007294       0x1a CMakeFiles/teclado.dir/C_/Users/Ikaro/.pico-sdk/sdk/2.1.0/src/rp2_common/hardware_irq/irq.c.obj
 .rodata.runtime_init_mutex.str1.4
                0x100072ae       0x60 CMakeFiles/teclado.dir/C_/Users/Ikaro/.pico-sdk/sdk/2.1.0/src/common/pico_sync/mutex.c.obj
 .rodata.str1.4
                0x100072ae       0x51 CMakeFiles/teclado.dir/C_/Users/Ikaro/.pico-sdk/sdk/2.1.0/src/common/pico_sync/mutex.c.obj
 *fill*         0x100072ae        0x2 
 .rodata.__func__.1
                0x100072b0        0xb CMakeFiles/teclado.dir/C_/Users/Ikaro/.pico-sdk/sdk/2.1.0/src/common/pico_sync/mutex.c.obj
 *fill*         0x100072bb        0x1 
 .rodata.__func__.3
                0x100072bc       0x18 CMakeFiles/teclado.dir/C_/Users/Ikaro/.pico-sdk/sdk/2.1.0/src/common/pico_sync/mutex.c.obj
 .rodata.__func__.6
                0x100072d4       0x13 CMakeFiles/teclado.dir/C_/Users/Ikaro/.pico-sdk/sdk/2.1.0/src/common/pico_sync/mutex.c.obj
 .rodata.alarm_pool_irq_handler.str1.4
                0x100072e7       0x6b CMakeFiles/teclado.dir/C_/Users/Ikaro/.pico-sdk/sdk/2.1.0/src/common/pico_time/time.c.obj
 .rodata.alarm_pool_get_default.str1.4
                0x100072e7       0x21 CMakeFiles/teclado.dir/C_/Users/Ikaro/.pico-sdk/sdk/2.1.0/src/common/pico_time/time.c.obj
 .rodata.sleep_until.str1.4
                0x100072e7       0x4d CMakeFiles/teclado.dir/C_/Users/Ikaro/.pico-sdk/sdk/2.1.0/src/common/pico_time/time.c.obj
 *fill*         0x100072e7        0x1 
 .rodata.__func__.1
                0x100072e8       0x17 CMakeFiles/teclado.dir/C_/Users/Ikaro/.pico-sdk/sdk/2.1.0/src/common/pico_time/time.c.obj
 *fill*         0x100072ff        0x1 
 .rodata.__func__.2
                0x10007300       0x17 CMakeFiles/teclado.dir/C_/Users/Ikaro/.pico-sdk/sdk/2.1.0/src/common/pico_time/time.c.obj
 .rodata.timer_hardware_alarm_claim.str1.4
                0x10007317       0x22 CMakeFiles/teclado.dir/C_/Users/Ikaro/.pico-sdk/sdk/2.1.0/src/rp2_common/hardware_timer/timer.c.obj
 .rodata.pll_init.str1.4
                0x10007317      0x11c CMakeFiles/teclado.dir/C_/Users/Ikaro/.pico-sdk/sdk/2.1.0/src/rp2_common/hardware_pll/pll.c.obj
 *fill*         0x10007317        0x1 
 .rodata.__func__.0
                0x10007318        0x9 CMakeFiles/teclado.dir/C_/Users/Ikaro/.pico-sdk/sdk/2.1.0/src/rp2_common/hardware_pll/pll.c.obj
 .rodata.missing_double_func_shim.str1.4
                0x10007321       0x18 CMakeFiles/teclado.dir/C_/Users/Ikaro/.pico-sdk/sdk/2.1.0/src/rp2_common/pico_double/double_init_rom_rp2040.c.obj
 .rodata.__aeabi_double_init.str1.4
                0x10007321       0x9b CMakeFiles/teclado.dir/C_/Users/Ikaro/.pico-sdk/sdk/2.1.0/src/rp2_common/pico_double/double_init_rom_rp2040.c.obj
 *fill*         0x10007321        0x3 
 .rodata.__func__.0
                0x10007324       0x14 CMakeFiles/teclado.dir/C_/Users/Ikaro/.pico-sdk/sdk/2.1.0/src/rp2_common/pico_double/double_init_rom_rp2040.c.obj
 .rodata.missing_float_func_shim.str1.4
                0x10007338        0x1 CMakeFiles/teclado.dir/C_/Users/Ikaro/.pico-sdk/sdk/2.1.0/src/rp2_common/pico_float/float_init_rom_rp2040.c.obj
 .rodata.__aeabi_float_init.str1.4
                0x10007338       0x89 CMakeFiles/teclado.dir/C_/Users/Ikaro/.pico-sdk/sdk/2.1.0/src/rp2_common/pico_float/float_init_rom_rp2040.c.obj
 .rodata.__func__.0
                0x10007338       0x13 CMakeFiles/teclado.dir/C_/Users/Ikaro/.pico-sdk/sdk/2.1.0/src/rp2_common/pico_float/float_init_rom_rp2040.c.obj
 .rodata.str1.4
                0x1000734b       0x40 CMakeFiles/teclado.dir/C_/Users/Ikaro/.pico-sdk/sdk/2.1.0/src/rp2_common/pico_standard_binary_info/standard_binary_info.c.obj
 *fill*         0x1000734b        0x1 
 .rodata.__bi_84
                0x1000734c        0xc CMakeFiles/teclado.dir/C_/Users/Ikaro/.pico-sdk/sdk/2.1.0/src/rp2_common/pico_standard_binary_info/standard_binary_info.c.obj
 .rodata.__bi_78
                0x10007358        0xc CMakeFiles/teclado.dir/C_/Users/Ikaro/.pico-sdk/sdk/2.1.0/src/rp2_common/pico_standard_binary_info/standard_binary_info.c.obj
 .rodata.__bi_60
                0x10007364        0xc CMakeFiles/teclado.dir/C_/Users/Ikaro/.pico-sdk/sdk/2.1.0/src/rp2_common/pico_standard_binary_info/standard_binary_info.c.obj
 .rodata.__bi_54
                0x10007370        0xc CMakeFiles/teclado.dir/C_/Users/Ikaro/.pico-sdk/sdk/2.1.0/src/rp2_common/pico_standard_binary_info/standard_binary_info.c.obj
 .rodata.__bi_48
                0x1000737c        0xc CMakeFiles/teclado.dir/C_/Users/Ikaro/.pico-sdk/sdk/2.1.0/src/rp2_common/pico_standard_binary_info/standard_binary_info.c.obj
 .rodata.__bi_42
                0x10007388        0xc CMakeFiles/teclado.dir/C_/Users/Ikaro/.pico-sdk/sdk/2.1.0/src/rp2_common/pico_standard_binary_info/standard_binary_info.c.obj
 .rodata.__bi_34
                0x10007394        0xc CMakeFiles/teclado.dir/C_/Users/Ikaro/.pico-sdk/sdk/2.1.0/src/rp2_common/pico_standard_binary_info/standard_binary_info.c.obj
 .rodata.__bi_26
                0x100073a0        0xc CMakeFiles/teclado.dir/C_/Users/Ikaro/.pico-sdk/sdk/2.1.0/src/rp2_common/pico_standard_binary_info/standard_binary_info.c.obj
 .rodata._ftoa.str1.4
                0x100073ac       0x15 CMakeFiles/teclado.dir/C_/Users/Ikaro/.pico-sdk/sdk/2.1.0/src/rp2_common/pico_printf/printf.c.obj
 .rodata._vsnprintf
                0x100073ac      0x19c CMakeFiles/teclado.dir/C_/Users/Ikaro/.pico-sdk/sdk/2.1.0/src/rp2_common/pico_printf/printf.c.obj
 .rodata.pow10.0
                0x10007548       0x50 CMakeFiles/teclado.dir/C_/Users/Ikaro/.pico-sdk/sdk/2.1.0/src/rp2_common/pico_printf/printf.c.obj
 .rodata.__assert_func.str1.4
                0x10007598       0x43 CMakeFiles/teclado.dir/C_/Users/Ikaro/.pico-sdk/sdk/2.1.0/src/rp2_common/pico_clib_interface/newlib_interface.c.obj
 .rodata.crlf_str.0
                0x10007598        0x2 CMakeFiles/teclado.dir/C_/Users/Ikaro/.pico-sdk/sdk/2.1.0/src/rp2_common/pico_stdio/stdio.c.obj
 *fill*         0x1000759a        0x2 
 .rodata._resetd_driver
                0x1000759c       0x20 CMakeFiles/teclado.dir/C_/Users/Ikaro/.pico-sdk/sdk/2.1.0/src/rp2_common/pico_stdio_usb/reset_interface.c.obj
 .rodata.desc_ms_os_20
                0x100075bc       0xa6 CMakeFiles/teclado.dir/C_/Users/Ikaro/.pico-sdk/sdk/2.1.0/src/rp2_common/pico_stdio_usb/reset_interface.c.obj
 *fill*         0x10007662        0x2 
 .rodata.desc_bos
                0x10007664       0x21 CMakeFiles/teclado.dir/C_/Users/Ikaro/.pico-sdk/sdk/2.1.0/src/rp2_common/pico_stdio_usb/reset_interface.c.obj
                0x10007664                desc_bos
 .rodata.stdio_usb_init.str1.4
                0x10007685       0x55 CMakeFiles/teclado.dir/C_/Users/Ikaro/.pico-sdk/sdk/2.1.0/src/rp2_common/pico_stdio_usb/stdio_usb.c.obj
 .rodata.str1.4
                0x10007685       0x13 CMakeFiles/teclado.dir/C_/Users/Ikaro/.pico-sdk/sdk/2.1.0/src/rp2_common/pico_stdio_usb/stdio_usb.c.obj
 *fill*         0x10007685        0x3 
 .rodata.__bi_197.1
                0x10007688        0xc CMakeFiles/teclado.dir/C_/Users/Ikaro/.pico-sdk/sdk/2.1.0/src/rp2_common/pico_stdio_usb/stdio_usb.c.obj
 .rodata.__func__.2
                0x10007694        0xf CMakeFiles/teclado.dir/C_/Users/Ikaro/.pico-sdk/sdk/2.1.0/src/rp2_common/pico_stdio_usb/stdio_usb.c.obj
 .rodata.str1.4
                0x100076a3       0x2a CMakeFiles/teclado.dir/C_/Users/Ikaro/.pico-sdk/sdk/2.1.0/src/rp2_common/pico_stdio_usb/stdio_usb_descriptors.c.obj
 *fill*         0x100076a3        0x1 
 .rodata.usbd_desc_str
                0x100076a4       0x18 CMakeFiles/teclado.dir/C_/Users/Ikaro/.pico-sdk/sdk/2.1.0/src/rp2_common/pico_stdio_usb/stdio_usb_descriptors.c.obj
 .rodata.usbd_desc_cfg
                0x100076bc       0x54 CMakeFiles/teclado.dir/C_/Users/Ikaro/.pico-sdk/sdk/2.1.0/src/rp2_common/pico_stdio_usb/stdio_usb_descriptors.c.obj
 .rodata.usbd_desc_device
                0x10007710       0x12 CMakeFiles/teclado.dir/C_/Users/Ikaro/.pico-sdk/sdk/2.1.0/src/rp2_common/pico_stdio_usb/stdio_usb_descriptors.c.obj
 .rodata.pico_get_unique_board_id_string.str1.4
                0x10007722       0x55 CMakeFiles/teclado.dir/C_/Users/Ikaro/.pico-sdk/sdk/2.1.0/src/rp2_common/pico_unique_id/unique_id.c.obj
 *fill*         0x10007722        0x2 
 .rodata.__func__.0
                0x10007724       0x20 CMakeFiles/teclado.dir/C_/Users/Ikaro/.pico-sdk/sdk/2.1.0/src/rp2_common/pico_unique_id/unique_id.c.obj
 .rodata.str1.4
                0x10007744      0x199 CMakeFiles/teclado.dir/C_/Users/Ikaro/.pico-sdk/sdk/2.1.0/src/rp2_common/hardware_flash/flash.c.obj
 .rodata.__func__.0
                0x10007744        0xd CMakeFiles/teclado.dir/C_/Users/Ikaro/.pico-sdk/sdk/2.1.0/src/rp2_common/hardware_flash/flash.c.obj
 .rodata._hw_endpoint_alloc.str1.4
                0x10007751       0xbd CMakeFiles/teclado.dir/C_/Users/Ikaro/.pico-sdk/sdk/2.1.0/lib/tinyusb/src/portable/raspberrypi/rp2040/dcd_rp2040.c.obj
 .rodata.str1.4
                0x10007751       0x14 CMakeFiles/teclado.dir/C_/Users/Ikaro/.pico-sdk/sdk/2.1.0/lib/tinyusb/src/portable/raspberrypi/rp2040/dcd_rp2040.c.obj
 .rodata.dcd_int_enable.str1.4
                0x10007751        0xc CMakeFiles/teclado.dir/C_/Users/Ikaro/.pico-sdk/sdk/2.1.0/lib/tinyusb/src/portable/raspberrypi/rp2040/dcd_rp2040.c.obj
 *fill*         0x10007751        0x3 
 .rodata.__func__.0
                0x10007754        0xe CMakeFiles/teclado.dir/C_/Users/Ikaro/.pico-sdk/sdk/2.1.0/lib/tinyusb/src/portable/raspberrypi/rp2040/dcd_rp2040.c.obj
 *fill*         0x10007762        0x2 
 .rodata.__func__.1
                0x10007764        0xe CMakeFiles/teclado.dir/C_/Users/Ikaro/.pico-sdk/sdk/2.1.0/lib/tinyusb/src/portable/raspberrypi/rp2040/dcd_rp2040.c.obj
 *fill*         0x10007772        0x2 
 .rodata.__func__.3
                0x10007774       0x10 CMakeFiles/teclado.dir/C_/Users/Ikaro/.pico-sdk/sdk/2.1.0/lib/tinyusb/src/portable/raspberrypi/rp2040/dcd_rp2040.c.obj
 .rodata.__func__.5
                0x10007784        0xf CMakeFiles/teclado.dir/C_/Users/Ikaro/.pico-sdk/sdk/2.1.0/lib/tinyusb/src/portable/raspberrypi/rp2040/dcd_rp2040.c.obj
 *fill*         0x10007793        0x1 
 .rodata.__func__.6
                0x10007794       0x13 CMakeFiles/teclado.dir/C_/Users/Ikaro/.pico-sdk/sdk/2.1.0/lib/tinyusb/src/portable/raspberrypi/rp2040/dcd_rp2040.c.obj
 *fill*         0x100077a7        0x1 
 .rodata.__func__.7
                0x100077a8        0x9 CMakeFiles/teclado.dir/C_/Users/Ikaro/.pico-sdk/sdk/2.1.0/lib/tinyusb/src/portable/raspberrypi/rp2040/dcd_rp2040.c.obj
 .rodata.str1.4
                0x100077b1       0xe4 CMakeFiles/teclado.dir/C_/Users/Ikaro/.pico-sdk/sdk/2.1.0/lib/tinyusb/src/portable/raspberrypi/rp2040/rp2040_usb.c.obj
 .rodata.hw_endpoint_xfer_start.str1.4
                0x100077b1       0x38 CMakeFiles/teclado.dir/C_/Users/Ikaro/.pico-sdk/sdk/2.1.0/lib/tinyusb/src/portable/raspberrypi/rp2040/rp2040_usb.c.obj
 *fill*         0x100077b1        0x3 
 .rodata.__func__.0
                0x100077b4        0xf CMakeFiles/teclado.dir/C_/Users/Ikaro/.pico-sdk/sdk/2.1.0/lib/tinyusb/src/portable/raspberrypi/rp2040/rp2040_usb.c.obj
 .rodata.configuration_reset.str1.4
                0x100077c3       0x17 CMakeFiles/teclado.dir/C_/Users/Ikaro/.pico-sdk/sdk/2.1.0/lib/tinyusb/src/device/usbd.c.obj
 *fill*         0x100077c3        0x1 
 .rodata.process_get_descriptor
                0x100077c4       0x40 CMakeFiles/teclado.dir/C_/Users/Ikaro/.pico-sdk/sdk/2.1.0/lib/tinyusb/src/device/usbd.c.obj
 .rodata        0x10007804       0x1c CMakeFiles/teclado.dir/C_/Users/Ikaro/.pico-sdk/sdk/2.1.0/lib/tinyusb/src/device/usbd.c.obj
 .rodata.process_control_request
                0x10007820       0x28 CMakeFiles/teclado.dir/C_/Users/Ikaro/.pico-sdk/sdk/2.1.0/lib/tinyusb/src/device/usbd.c.obj
 .rodata.tud_task_ext
                0x10007848       0x24 CMakeFiles/teclado.dir/C_/Users/Ikaro/.pico-sdk/sdk/2.1.0/lib/tinyusb/src/device/usbd.c.obj
 .rodata.__func__.1
                0x1000786c        0xf CMakeFiles/teclado.dir/C_/Users/Ikaro/.pico-sdk/sdk/2.1.0/lib/tinyusb/src/device/usbd.c.obj
 *fill*         0x1000787b        0x1 
 .rodata.__func__.2
                0x1000787c        0xf CMakeFiles/teclado.dir/C_/Users/Ikaro/.pico-sdk/sdk/2.1.0/lib/tinyusb/src/device/usbd.c.obj
 *fill*         0x1000788b        0x1 
 .rodata.__func__.3
                0x1000788c       0x14 CMakeFiles/teclado.dir/C_/Users/Ikaro/.pico-sdk/sdk/2.1.0/lib/tinyusb/src/device/usbd.c.obj
 .rodata.__func__.4
                0x100078a0        0xc CMakeFiles/teclado.dir/C_/Users/Ikaro/.pico-sdk/sdk/2.1.0/lib/tinyusb/src/device/usbd.c.obj
 .rodata.__func__.5
                0x100078ac       0x17 CMakeFiles/teclado.dir/C_/Users/Ikaro/.pico-sdk/sdk/2.1.0/lib/tinyusb/src/device/usbd.c.obj
 *fill*         0x100078c3        0x1 
 .rodata.__func__.6
                0x100078c4       0x13 CMakeFiles/teclado.dir/C_/Users/Ikaro/.pico-sdk/sdk/2.1.0/lib/tinyusb/src/device/usbd.c.obj
 *fill*         0x100078d7        0x1 
 .rodata.__func__.7
                0x100078d8       0x18 CMakeFiles/teclado.dir/C_/Users/Ikaro/.pico-sdk/sdk/2.1.0/lib/tinyusb/src/device/usbd.c.obj
 .rodata.__func__.8
                0x100078f0       0x14 CMakeFiles/teclado.dir/C_/Users/Ikaro/.pico-sdk/sdk/2.1.0/lib/tinyusb/src/device/usbd.c.obj
 .rodata.__func__.9
                0x10007904        0xd CMakeFiles/teclado.dir/C_/Users/Ikaro/.pico-sdk/sdk/2.1.0/lib/tinyusb/src/device/usbd.c.obj
 *fill*         0x10007911        0x3 
 .rodata.__func__.10
                0x10007914        0x9 CMakeFiles/teclado.dir/C_/Users/Ikaro/.pico-sdk/sdk/2.1.0/lib/tinyusb/src/device/usbd.c.obj
 *fill*         0x1000791d        0x3 
 .rodata._usbd_driver
                0x10007920       0x40 CMakeFiles/teclado.dir/C_/Users/Ikaro/.pico-sdk/sdk/2.1.0/lib/tinyusb/src/device/usbd.c.obj
 .rodata.tud_control_xfer.str1.4
                0x10007960       0x17 CMakeFiles/teclado.dir/C_/Users/Ikaro/.pico-sdk/sdk/2.1.0/lib/tinyusb/src/device/usbd_control.c.obj
 .rodata.__func__.0
                0x10007960       0x15 CMakeFiles/teclado.dir/C_/Users/Ikaro/.pico-sdk/sdk/2.1.0/lib/tinyusb/src/device/usbd_control.c.obj
 *fill*         0x10007975        0x3 
 .rodata.__func__.1
                0x10007978       0x11 CMakeFiles/teclado.dir/C_/Users/Ikaro/.pico-sdk/sdk/2.1.0/lib/tinyusb/src/device/usbd_control.c.obj
 .rodata.tud_cdc_n_write_flush.str1.4
                0x10007989       0x17 CMakeFiles/teclado.dir/C_/Users/Ikaro/.pico-sdk/sdk/2.1.0/lib/tinyusb/src/class/cdc/cdc_device.c.obj
 *fill*         0x10007989        0x3 
 .rodata.__func__.0
                0x1000798c        0xd CMakeFiles/teclado.dir/C_/Users/Ikaro/.pico-sdk/sdk/2.1.0/lib/tinyusb/src/class/cdc/cdc_device.c.obj
 *fill*         0x10007999        0x3 
 .rodata.__func__.1
                0x1000799c        0xa CMakeFiles/teclado.dir/C_/Users/Ikaro/.pico-sdk/sdk/2.1.0/lib/tinyusb/src/class/cdc/cdc_device.c.obj
 *fill*         0x100079a6        0x2 
 .rodata.__func__.3
                0x100079a8       0x16 CMakeFiles/teclado.dir/C_/Users/Ikaro/.pico-sdk/sdk/2.1.0/lib/tinyusb/src/class/cdc/cdc_device.c.obj
 .rodata.vendord_open.str1.4
                0x100079be       0x17 CMakeFiles/teclado.dir/C_/Users/Ikaro/.pico-sdk/sdk/2.1.0/lib/tinyusb/src/class/vendor/vendor_device.c.obj
 *fill*         0x100079be        0x2 
 .rodata.__func__.0
                0x100079c0        0xd CMakeFiles/teclado.dir/C_/Users/Ikaro/.pico-sdk/sdk/2.1.0/lib/tinyusb/src/class/vendor/vendor_device.c.obj
 .rodata.tusb_init.str1.4
                0x100079cd       0x17 CMakeFiles/teclado.dir/C_/Users/Ikaro/.pico-sdk/sdk/2.1.0/lib/tinyusb/src/tusb.c.obj
 *fill*         0x100079cd        0x3 
 .rodata.__func__.0
                0x100079d0       0x19 CMakeFiles/teclado.dir/C_/Users/Ikaro/.pico-sdk/sdk/2.1.0/lib/tinyusb/src/tusb.c.obj
 *fill*         0x100079e9        0x3 
 .rodata.__func__.2
                0x100079ec       0x1a CMakeFiles/teclado.dir/C_/Users/Ikaro/.pico-sdk/sdk/2.1.0/lib/tinyusb/src/tusb.c.obj
 *fill*         0x10007a06        0x2 
 .rodata.__func__.3
                0x10007a08       0x23 CMakeFiles/teclado.dir/C_/Users/Ikaro/.pico-sdk/sdk/2.1.0/lib/tinyusb/src/tusb.c.obj
 *fill*         0x10007a2b        0x1 
 .rodata.__func__.4
                0x10007a2c       0x11 CMakeFiles/teclado.dir/C_/Users/Ikaro/.pico-sdk/sdk/2.1.0/lib/tinyusb/src/tusb.c.obj
 *fill*         0x10007a3d        0x3 
 .rodata.__func__.5
                0x10007a40        0xa CMakeFiles/teclado.dir/C_/Users/Ikaro/.pico-sdk/sdk/2.1.0/lib/tinyusb/src/tusb.c.obj
                0x10007a4c                        . = ALIGN (0x4)
 *fill*         0x10007a4a        0x2 
 *(SORT_BY_ALIGNMENT(SORT_BY_NAME(.flashdata*)))
                0x10007a4c                        . = ALIGN (0x4)

.ARM.extab
 *(.ARM.extab* .gnu.linkonce.armextab.*)
                0x10007a4c                        __exidx_start = .

.ARM.exidx
 *(.ARM.exidx* .gnu.linkonce.armexidx.*)
                0x10007a4c                        __exidx_end = .
                0x10007a4c                        . = ALIGN (0x4)
                0x10007a4c                        __binary_info_start = .

.binary_info    0x10007a4c       0x24
 *(.binary_info.keep.*)
 .binary_info.keep.__bi_ptr84
                0x10007a4c        0x4 CMakeFiles/teclado.dir/C_/Users/Ikaro/.pico-sdk/sdk/2.1.0/src/rp2_common/pico_standard_binary_info/standard_binary_info.c.obj
 .binary_info.keep.__bi_ptr78
                0x10007a50        0x4 CMakeFiles/teclado.dir/C_/Users/Ikaro/.pico-sdk/sdk/2.1.0/src/rp2_common/pico_standard_binary_info/standard_binary_info.c.obj
 .binary_info.keep.__bi_ptr60
                0x10007a54        0x4 CMakeFiles/teclado.dir/C_/Users/Ikaro/.pico-sdk/sdk/2.1.0/src/rp2_common/pico_standard_binary_info/standard_binary_info.c.obj
 .binary_info.keep.__bi_ptr54
                0x10007a58        0x4 CMakeFiles/teclado.dir/C_/Users/Ikaro/.pico-sdk/sdk/2.1.0/src/rp2_common/pico_standard_binary_info/standard_binary_info.c.obj
 .binary_info.keep.__bi_ptr48
                0x10007a5c        0x4 CMakeFiles/teclado.dir/C_/Users/Ikaro/.pico-sdk/sdk/2.1.0/src/rp2_common/pico_standard_binary_info/standard_binary_info.c.obj
 .binary_info.keep.__bi_ptr42
                0x10007a60        0x4 CMakeFiles/teclado.dir/C_/Users/Ikaro/.pico-sdk/sdk/2.1.0/src/rp2_common/pico_standard_binary_info/standard_binary_info.c.obj
 .binary_info.keep.__bi_ptr34
                0x10007a64        0x4 CMakeFiles/teclado.dir/C_/Users/Ikaro/.pico-sdk/sdk/2.1.0/src/rp2_common/pico_standard_binary_info/standard_binary_info.c.obj
 .binary_info.keep.__bi_ptr26
                0x10007a68        0x4 CMakeFiles/teclado.dir/C_/Users/Ikaro/.pico-sdk/sdk/2.1.0/src/rp2_common/pico_standard_binary_info/standard_binary_info.c.obj
 *(.binary_info.*)
 .binary_info.__bi_ptr197
                0x10007a6c        0x4 CMakeFiles/teclado.dir/C_/Users/Ikaro/.pico-sdk/sdk/2.1.0/src/rp2_common/pico_stdio_usb/stdio_usb.c.obj
                0x10007a70                        __binary_info_end = .

.rel.dyn        0x10007a70        0x0
 .rel.iplt      0x10007a70        0x0 C:/Users/Ikaro/.pico-sdk/toolchain/13_3_Rel1/bin/../lib/gcc/arm-none-eabi/13.3.1/thumb/v6-m/nofp/crtbegin.o
                0x10007a70                        . = ALIGN (0x4)

.ram_vector_table
                0x20000000       0xc0
 *(.ram_vector_table)
 .ram_vector_table
                0x20000000       0xc0 CMakeFiles/teclado.dir/C_/Users/Ikaro/.pico-sdk/sdk/2.1.0/src/rp2_common/pico_runtime_init/runtime_init.c.obj
                0x20000000                ram_vector_table

.uninitialized_data
                0x200000c0        0x0
                0x200000c0                        . = ALIGN (0x4)
 *(.uninitialized_data*)

.data           0x200000c0      0xbd0 load address 0x10007a70
                0x200000c0                        __data_start__ = .
 *(vtable)
 *(.time_critical*)
 .time_critical.mutex_try_enter
                0x200000c0       0x48 CMakeFiles/teclado.dir/C_/Users/Ikaro/.pico-sdk/sdk/2.1.0/src/common/pico_sync/mutex.c.obj
                0x200000c0                mutex_try_enter
 .time_critical.mutex_enter_block_until
                0x20000108       0x90 CMakeFiles/teclado.dir/C_/Users/Ikaro/.pico-sdk/sdk/2.1.0/src/common/pico_sync/mutex.c.obj
                0x20000108                mutex_enter_block_until
 .time_critical.mutex_try_enter_block_until
                0x20000198       0x34 CMakeFiles/teclado.dir/C_/Users/Ikaro/.pico-sdk/sdk/2.1.0/src/common/pico_sync/mutex.c.obj
                0x20000198                mutex_try_enter_block_until
 .time_critical.mutex_enter_timeout_ms
                0x200001cc       0x3c CMakeFiles/teclado.dir/C_/Users/Ikaro/.pico-sdk/sdk/2.1.0/src/common/pico_sync/mutex.c.obj
                0x200001cc                mutex_enter_timeout_ms
 .time_critical.mutex_exit
                0x20000208       0x4c CMakeFiles/teclado.dir/C_/Users/Ikaro/.pico-sdk/sdk/2.1.0/src/common/pico_sync/mutex.c.obj
                0x20000208                mutex_exit
 .time_critical.flash_init_boot2_copyout
                0x20000254       0x30 CMakeFiles/teclado.dir/C_/Users/Ikaro/.pico-sdk/sdk/2.1.0/src/rp2_common/hardware_flash/flash.c.obj
 .time_critical.flash_enable_xip_via_boot2
                0x20000284        0xc CMakeFiles/teclado.dir/C_/Users/Ikaro/.pico-sdk/sdk/2.1.0/src/rp2_common/hardware_flash/flash.c.obj
 .time_critical.flash_cs_force
                0x20000290       0x28 CMakeFiles/teclado.dir/C_/Users/Ikaro/.pico-sdk/sdk/2.1.0/src/rp2_common/hardware_flash/flash.c.obj
 .time_critical.flash_do_cmd
                0x200002b8       0xd8 CMakeFiles/teclado.dir/C_/Users/Ikaro/.pico-sdk/sdk/2.1.0/src/rp2_common/hardware_flash/flash.c.obj
                0x200002b8                flash_do_cmd
 .time_critical.reset_non_control_endpoints
                0x20000390       0x40 CMakeFiles/teclado.dir/C_/Users/Ikaro/.pico-sdk/sdk/2.1.0/lib/tinyusb/src/portable/raspberrypi/rp2040/dcd_rp2040.c.obj
 .time_critical.hw_handle_buff_status
                0x200003d0       0xa4 CMakeFiles/teclado.dir/C_/Users/Ikaro/.pico-sdk/sdk/2.1.0/lib/tinyusb/src/portable/raspberrypi/rp2040/dcd_rp2040.c.obj
 .time_critical.dcd_rp2040_irq
                0x20000474      0x22c CMakeFiles/teclado.dir/C_/Users/Ikaro/.pico-sdk/sdk/2.1.0/lib/tinyusb/src/portable/raspberrypi/rp2040/dcd_rp2040.c.obj
 .time_critical.prepare_ep_buffer
                0x200006a0       0x6c CMakeFiles/teclado.dir/C_/Users/Ikaro/.pico-sdk/sdk/2.1.0/lib/tinyusb/src/portable/raspberrypi/rp2040/rp2040_usb.c.obj
 .time_critical.e15_is_bulkin_ep